[BDArmory.BDACompetitionMode:187149789]: Dumping Results after 139s (of 0s) at 2025-12-06 02:09:11 -05:00
[BDArmory.BDACompetitionMode:187149789]: RESULT:Win:{"team": "Team A", "members": ["This isn't Ground RB", "This isn't Ground RB_1", "This isn't Ground RB_2"]}
[BDArmory.BDACompetitionMode:187149789]: DEADTEAMS:[{"team": "Team B", "members": ["Geist-I/M mk.Ib", "Geist-I/M mk.Ib_1", "Geist-I/M mk.Ib_2"]}]
[BDArmory.BDACompetitionMode:187149789]: ALIVE:This isn't Ground RB
[BDArmory.BDACompetitionMode:187149789]: ALIVE:This isn't Ground RB_1
[BDArmory.BDACompetitionMode:187149789]: ALIVE:This isn't Ground RB_2
[BDArmory.BDACompetitionMode:187149789]: DEAD:2:132.5:Geist-I/M mk.Ib
[BDArmory.BDACompetitionMode:187149789]: DEAD:0:52.0:Geist-I/M mk.Ib_1
[BDArmory.BDACompetitionMode:187149789]: DEAD:1:63.0:Geist-I/M mk.Ib_2
[BDArmory.BDACompetitionMode:187149789]: WHOSHOTWHOWITHGUNS:Geist-I/M mk.Ib:8:This isn't Ground RB_1:38:This isn't Ground RB_2
[BDArmory.BDACompetitionMode:187149789]: WHODAMAGEDWHOWITHGUNS:Geist-I/M mk.Ib:2646.2:This isn't Ground RB_1:13791.5:This isn't Ground RB_2
[BDArmory.BDACompetitionMode:187149789]: WHOHITWHOWITHMISSILES:This isn't Ground RB:1:Geist-I/M mk.Ib
[BDArmory.BDACompetitionMode:187149789]: WHOHITWHOWITHMISSILES:This isn't Ground RB_1:1:Geist-I/M mk.Ib_1:1:This isn't Ground RB_2
[BDArmory.BDACompetitionMode:187149789]: WHOHITWHOWITHMISSILES:Geist-I/M mk.Ib:1:This isn't Ground RB_1:3:This isn't Ground RB_2
[BDArmory.BDACompetitionMode:187149789]: WHOHITWHOWITHMISSILES:Geist-I/M mk.Ib_1:1:This isn't Ground RB_1:1:This isn't Ground RB_2
[BDArmory.BDACompetitionMode:187149789]: WHOHITWHOWITHMISSILES:Geist-I/M mk.Ib_2:1:This isn't Ground RB
[BDArmory.BDACompetitionMode:187149789]: WHOPARTSHITWHOWITHMISSILES:This isn't Ground RB:101:Geist-I/M mk.Ib
[BDArmory.BDACompetitionMode:187149789]: WHOPARTSHITWHOWITHMISSILES:This isn't Ground RB_1:102:Geist-I/M mk.Ib_1:109:This isn't Ground RB_2
[BDArmory.BDACompetitionMode:187149789]: WHOPARTSHITWHOWITHMISSILES:Geist-I/M mk.Ib:96:This isn't Ground RB_1:225:This isn't Ground RB_2
[BDArmory.BDACompetitionMode:187149789]: WHOPARTSHITWHOWITHMISSILES:Geist-I/M mk.Ib_1:102:This isn't Ground RB_1:81:This isn't Ground RB_2
[BDArmory.BDACompetitionMode:187149789]: WHOPARTSHITWHOWITHMISSILES:Geist-I/M mk.Ib_2:104:This isn't Ground RB
[BDArmory.BDACompetitionMode:187149789]: WHODAMAGEDWHOWITHMISSILES:This isn't Ground RB:16963.3:Geist-I/M mk.Ib
[BDArmory.BDACompetitionMode:187149789]: WHODAMAGEDWHOWITHMISSILES:Geist-I/M mk.Ib:53649.7:This isn't Ground RB_2
[BDArmory.BDACompetitionMode:187149789]: WHODAMAGEDWHOWITHMISSILES:Geist-I/M mk.Ib_1:20787.5:This isn't Ground RB_1:19549.9:This isn't Ground RB_2
[BDArmory.BDACompetitionMode:187149789]: WHODAMAGEDWHOWITHMISSILES:Geist-I/M mk.Ib_2:48050.0:This isn't Ground RB
[BDArmory.BDACompetitionMode:187149789]: WHODAMAGEDWHOWITHBATTLEDAMAGE:Geist-I/M mk.Ib:301.6:This isn't Ground RB_1:518.0:This isn't Ground RB_2:2226.4:Geist-I/M mk.Ib
[BDArmory.BDACompetitionMode:187149789]: GMKILL:Geist-I/M mk.Ib:GM
[BDArmory.BDACompetitionMode:187149789]: KILLSTEALMISSILES:Geist-I/M mk.Ib_1:This isn't Ground RB_2
[BDArmory.BDACompetitionMode:187149789]: CLEANKILLMISSILES:Geist-I/M mk.Ib_2:This isn't Ground RB
[BDArmory.BDACompetitionMode:187149789]: HPLEFT:This isn't Ground RB:87.2832369942196
[BDArmory.BDACompetitionMode:187149789]: HPLEFT:This isn't Ground RB_1:100
[BDArmory.BDACompetitionMode:187149789]: HPLEFT:This isn't Ground RB_2:100
[BDArmory.BDACompetitionMode:187149789]: HPLEFT:Geist-I/M mk.Ib:0
[BDArmory.BDACompetitionMode:187149789]: HPLEFT:Geist-I/M mk.Ib_1:0
[BDArmory.BDACompetitionMode:187149789]: HPLEFT:Geist-I/M mk.Ib_2:0
[BDArmory.BDACompetitionMode:187149789]: ACCURACY:This isn't Ground RB:0/0:0/0
[BDArmory.BDACompetitionMode:187149789]: ACCURACY:This isn't Ground RB_1:8/345:0/0
[BDArmory.BDACompetitionMode:187149789]: ACCURACY:This isn't Ground RB_2:38/371:0/0
[BDArmory.BDACompetitionMode:187149789]: ACCURACY:Geist-I/M mk.Ib:0/44:0/0
[BDArmory.BDACompetitionMode:187149789]: ACCURACY:Geist-I/M mk.Ib_1:0/0:0/0
[BDArmory.BDACompetitionMode:187149789]: ACCURACY:Geist-I/M mk.Ib_2:0/0:0/0
