[BDArmory.BDACompetitionMode:187149438]: Dumping Results after 116s (of 0s) at 2025-12-06 02:01:23 -05:00
[BDArmory.BDACompetitionMode:187149438]: RESULT:Win:{"team": "Team A", "members": ["KMX-08E3 Sagitta II", "KMX-08E3 Sagitta II_1", "KMX-08E3 Sagitta II_2"]}
[BDArmory.BDACompetitionMode:187149438]: DEADTEAMS:[{"team": "Team B", "members": ["YF-18E Super Hornet", "YF-18E Super Hornet_1", "YF-18E Super Hornet_2"]}]
[BDArmory.BDACompetitionMode:187149438]: ALIVE:KMX-08E3 Sagitta II
[BDArmory.BDACompetitionMode:187149438]: ALIVE:KMX-08E3 Sagitta II_1
[BDArmory.BDACompetitionMode:187149438]: ALIVE:KMX-08E3 Sagitta II_2
[BDArmory.BDACompetitionMode:187149438]: DEAD:1:94.0:YF-18E Super Hornet
[BDArmory.BDACompetitionMode:187149438]: DEAD:0:82.0:YF-18E Super Hornet_1
[BDArmory.BDACompetitionMode:187149438]: DEAD:2:109.2:YF-18E Super Hornet_2
[BDArmory.BDACompetitionMode:187149438]: WHOSHOTWHOWITHGUNS:YF-18E Super Hornet_2:12:KMX-08E3 Sagitta II_2:5:KMX-08E3 Sagitta II:20:KMX-08E3 Sagitta II_1
[BDArmory.BDACompetitionMode:187149438]: WHODAMAGEDWHOWITHGUNS:YF-18E Super Hornet_2:3729.4:KMX-08E3 Sagitta II_2:1436.8:KMX-08E3 Sagitta II:6499.2:KMX-08E3 Sagitta II_1
[BDArmory.BDACompetitionMode:187149438]: WHOHITWHOWITHMISSILES:YF-18E Super Hornet:1:KMX-08E3 Sagitta II
[BDArmory.BDACompetitionMode:187149438]: WHOHITWHOWITHMISSILES:YF-18E Super Hornet_1:1:KMX-08E3 Sagitta II
[BDArmory.BDACompetitionMode:187149438]: WHOHITWHOWITHMISSILES:YF-18E Super Hornet_2:1:KMX-08E3 Sagitta II_1
[BDArmory.BDACompetitionMode:187149438]: WHOPARTSHITWHOWITHMISSILES:YF-18E Super Hornet:115:KMX-08E3 Sagitta II
[BDArmory.BDACompetitionMode:187149438]: WHOPARTSHITWHOWITHMISSILES:YF-18E Super Hornet_1:116:KMX-08E3 Sagitta II
[BDArmory.BDACompetitionMode:187149438]: WHOPARTSHITWHOWITHMISSILES:YF-18E Super Hornet_2:119:KMX-08E3 Sagitta II_1
[BDArmory.BDACompetitionMode:187149438]: WHODAMAGEDWHOWITHMISSILES:YF-18E Super Hornet:88489.4:KMX-08E3 Sagitta II
[BDArmory.BDACompetitionMode:187149438]: WHODAMAGEDWHOWITHMISSILES:YF-18E Super Hornet_1:7567.0:KMX-08E3 Sagitta II
[BDArmory.BDACompetitionMode:187149438]: WHODAMAGEDWHOWITHMISSILES:YF-18E Super Hornet_2:25431.2:KMX-08E3 Sagitta II_1
[BDArmory.BDACompetitionMode:187149438]: WHODAMAGEDWHOWITHBATTLEDAMAGE:YF-18E Super Hornet_2:49.2:KMX-08E3 Sagitta II_1:10525.9:YF-18E Super Hornet_2:164.8:KMX-08E3 Sagitta II_2:22.8:KMX-08E3 Sagitta II
[BDArmory.BDACompetitionMode:187149438]: GMKILL:YF-18E Super Hornet:LandedTooLong
[BDArmory.BDACompetitionMode:187149438]: GMKILL:YF-18E Super Hornet_2:GM
[BDArmory.BDACompetitionMode:187149438]: CLEANKILLMISSILES:YF-18E Super Hornet_1:KMX-08E3 Sagitta II
[BDArmory.BDACompetitionMode:187149438]: HPLEFT:KMX-08E3 Sagitta II:100
[BDArmory.BDACompetitionMode:187149438]: HPLEFT:KMX-08E3 Sagitta II_1:100
[BDArmory.BDACompetitionMode:187149438]: HPLEFT:KMX-08E3 Sagitta II_2:100
[BDArmory.BDACompetitionMode:187149438]: HPLEFT:YF-18E Super Hornet:0
[BDArmory.BDACompetitionMode:187149438]: HPLEFT:YF-18E Super Hornet_1:0
[BDArmory.BDACompetitionMode:187149438]: HPLEFT:YF-18E Super Hornet_2:0
[BDArmory.BDACompetitionMode:187149438]: ACCURACY:KMX-08E3 Sagitta II:5/46:0/0
[BDArmory.BDACompetitionMode:187149438]: ACCURACY:KMX-08E3 Sagitta II_1:20/76:0/0
[BDArmory.BDACompetitionMode:187149438]: ACCURACY:KMX-08E3 Sagitta II_2:12/64:0/0
[BDArmory.BDACompetitionMode:187149438]: ACCURACY:YF-18E Super Hornet:0/0:0/0
[BDArmory.BDACompetitionMode:187149438]: ACCURACY:YF-18E Super Hornet_1:0/0:0/0
[BDArmory.BDACompetitionMode:187149438]: ACCURACY:YF-18E Super Hornet_2:0/0:0/0
