[BDArmory.BDACompetitionMode:190865605]: Dumping Results after 149s (of 0s) at 2026-01-18 02:18:25 -05:00
[BDArmory.BDACompetitionMode:190865605]: RESULT:Win:{"team": "Team A", "members": ["FF-213A-36 Starlance", "FF-213A-36 Starlance_1", "FF-215B-15 Aquila"]}
[BDArmory.BDACompetitionMode:190865605]: DEADTEAMS:[{"team": "Team B", "members": ["Mirage 4000", "Mirage 4000_1", "Mirage 4000_2"]}]
[BDArmory.BDACompetitionMode:190865605]: ALIVE:FF-213A-36 Starlance
[BDArmory.BDACompetitionMode:190865605]: ALIVE:FF-213A-36 Starlance_1
[BDArmory.BDACompetitionMode:190865605]: ALIVE:FF-215B-15 Aquila
[BDArmory.BDACompetitionMode:190865605]: DEAD:0:118.1:Mirage 4000
[BDArmory.BDACompetitionMode:190865605]: DEAD:1:138.0:Mirage 4000_1
[BDArmory.BDACompetitionMode:190865605]: DEAD:2:142.8:Mirage 4000_2
[BDArmory.BDACompetitionMode:190865605]: WHOSHOTWHOWITHGUNS:Mirage 4000:26:FF-215B-15 Aquila
[BDArmory.BDACompetitionMode:190865605]: WHOSHOTWHOWITHGUNS:Mirage 4000_1:28:FF-215B-15 Aquila:6:FF-213A-36 Starlance
[BDArmory.BDACompetitionMode:190865605]: WHOSHOTWHOWITHGUNS:Mirage 4000_2:3:FF-215B-15 Aquila:24:FF-213A-36 Starlance_1
[BDArmory.BDACompetitionMode:190865605]: WHODAMAGEDWHOWITHGUNS:Mirage 4000:10356.2:FF-215B-15 Aquila
[BDArmory.BDACompetitionMode:190865605]: WHODAMAGEDWHOWITHGUNS:Mirage 4000_1:10565.5:FF-215B-15 Aquila:2118.4:FF-213A-36 Starlance
[BDArmory.BDACompetitionMode:190865605]: WHODAMAGEDWHOWITHGUNS:Mirage 4000_2:868.3:FF-215B-15 Aquila:9279.7:FF-213A-36 Starlance_1
[BDArmory.BDACompetitionMode:190865605]: WHOHITWHOWITHMISSILES:Mirage 4000_1:1:FF-213A-36 Starlance
[BDArmory.BDACompetitionMode:190865605]: WHOPARTSHITWHOWITHMISSILES:Mirage 4000_1:62:FF-213A-36 Starlance
[BDArmory.BDACompetitionMode:190865605]: WHODAMAGEDWHOWITHMISSILES:Mirage 4000_1:12359.9:FF-213A-36 Starlance
[BDArmory.BDACompetitionMode:190865605]: WHODAMAGEDWHOWITHBATTLEDAMAGE:Mirage 4000:2963.9:FF-215B-15 Aquila:2922.6:Mirage 4000
[BDArmory.BDACompetitionMode:190865605]: WHODAMAGEDWHOWITHBATTLEDAMAGE:Mirage 4000_1:1094.0:FF-215B-15 Aquila:2157.9:Mirage 4000_1:0.4:FF-213A-36 Starlance
[BDArmory.BDACompetitionMode:190865605]: WHODAMAGEDWHOWITHBATTLEDAMAGE:Mirage 4000_2:512.8:FF-215B-15 Aquila:368.4:FF-213A-36 Starlance_1:2939.7:Mirage 4000_2
[BDArmory.BDACompetitionMode:190865605]: GMKILL:Mirage 4000:GM
[BDArmory.BDACompetitionMode:190865605]: GMKILL:Mirage 4000_2:GM
[BDArmory.BDACompetitionMode:190865605]: HPLEFT:Mirage 4000:0
[BDArmory.BDACompetitionMode:190865605]: HPLEFT:Mirage 4000_1:0
[BDArmory.BDACompetitionMode:190865605]: HPLEFT:Mirage 4000_2:0
[BDArmory.BDACompetitionMode:190865605]: HPLEFT:FF-213A-36 Starlance:100
[BDArmory.BDACompetitionMode:190865605]: HPLEFT:FF-213A-36 Starlance_1:100
[BDArmory.BDACompetitionMode:190865605]: HPLEFT:FF-215B-15 Aquila:100
[BDArmory.BDACompetitionMode:190865605]: ACCURACY:Mirage 4000:0/0:0/0
[BDArmory.BDACompetitionMode:190865605]: ACCURACY:Mirage 4000_1:0/0:0/0
[BDArmory.BDACompetitionMode:190865605]: ACCURACY:Mirage 4000_2:0/0:0/0
[BDArmory.BDACompetitionMode:190865605]: ACCURACY:FF-213A-36 Starlance:6/70:0/0
[BDArmory.BDACompetitionMode:190865605]: ACCURACY:FF-213A-36 Starlance_1:24/50:0/0
[BDArmory.BDACompetitionMode:190865605]: ACCURACY:FF-215B-15 Aquila:57/234:0/0
