[BDArmory.BDACompetitionMode:180848385]: Dumping Results after -57s (of 0s) at 2025-09-24 03:46:08 -04:00
[BDArmory.BDACompetitionMode:180848385]: RESULT:Draw:[{"team": "team floppa", "members": ["Ku-33MF", "Ku-33MF_1", "Ku-33MF_2"]}, {"team": "team bingus", "members": ["Pirouette", "Pirouette_1", "Pirouette_2"]}]
[BDArmory.BDACompetitionMode:180848385]: DEADTEAMS:[]
[BDArmory.BDACompetitionMode:180848385]: ALIVE:Ku-33MF_2
[BDArmory.BDACompetitionMode:180848385]: ALIVE:Pirouette_2
[BDArmory.BDACompetitionMode:180848385]: DEAD:2:100.0:Ku-33MF
[BDArmory.BDACompetitionMode:180848385]: DEAD:1:99.0:Ku-33MF_1
[BDArmory.BDACompetitionMode:180848385]: DEAD:3:110.7:Pirouette
[BDArmory.BDACompetitionMode:180848385]: DEAD:0:83.0:Pirouette_1
[BDArmory.BDACompetitionMode:180848385]: WHOSHOTWHOWITHGUNS:Ku-33MF:127:Pirouette_2
[BDArmory.BDACompetitionMode:180848385]: WHOSHOTWHOWITHGUNS:Ku-33MF_1:172:Pirouette
[BDArmory.BDACompetitionMode:180848385]: WHOSHOTWHOWITHGUNS:Pirouette:10:Ku-33MF_2
[BDArmory.BDACompetitionMode:180848385]: WHOSHOTWHOWITHGUNS:Pirouette_1:6:Ku-33MF:25:Ku-33MF_2
[BDArmory.BDACompetitionMode:180848385]: WHODAMAGEDWHOWITHGUNS:Ku-33MF:17169.9:Pirouette_2
[BDArmory.BDACompetitionMode:180848385]: WHODAMAGEDWHOWITHGUNS:Ku-33MF_1:23669.8:Pirouette
[BDArmory.BDACompetitionMode:180848385]: WHODAMAGEDWHOWITHGUNS:Pirouette:2984.1:Ku-33MF_2
[BDArmory.BDACompetitionMode:180848385]: WHODAMAGEDWHOWITHGUNS:Pirouette_1:1929.7:Ku-33MF:6692.5:Ku-33MF_2
[BDArmory.BDACompetitionMode:180848385]: WHODAMAGEDWHOWITHBATTLEDAMAGE:Ku-33MF:1449.7:Pirouette_2
[BDArmory.BDACompetitionMode:180848385]: WHODAMAGEDWHOWITHBATTLEDAMAGE:Ku-33MF_1:1176.0:Pirouette
[BDArmory.BDACompetitionMode:180848385]: WHODAMAGEDWHOWITHBATTLEDAMAGE:Pirouette:195.2:Ku-33MF_2
[BDArmory.BDACompetitionMode:180848385]: WHODAMAGEDWHOWITHBATTLEDAMAGE:Pirouette_1:4.4:Ku-33MF_2:64.0:Ku-33MF
[BDArmory.BDACompetitionMode:180848385]: GMKILL:Pirouette:BigRedButton
[BDArmory.BDACompetitionMode:180848385]: GMKILL:Pirouette_1:GM
[BDArmory.BDACompetitionMode:180848385]: CLEANKILLGUNS:Ku-33MF:Pirouette_2
[BDArmory.BDACompetitionMode:180848385]: HPLEFT:Ku-33MF:0
[BDArmory.BDACompetitionMode:180848385]: HPLEFT:Ku-33MF_1:0
[BDArmory.BDACompetitionMode:180848385]: HPLEFT:Ku-33MF_2:100
[BDArmory.BDACompetitionMode:180848385]: HPLEFT:Pirouette:0
[BDArmory.BDACompetitionMode:180848385]: HPLEFT:Pirouette_1:0
[BDArmory.BDACompetitionMode:180848385]: HPLEFT:Pirouette_2:100
[BDArmory.BDACompetitionMode:180848385]: ACCURACY:Ku-33MF:6/70:0/0
[BDArmory.BDACompetitionMode:180848385]: ACCURACY:Ku-33MF_1:0/53:0/0
[BDArmory.BDACompetitionMode:180848385]: ACCURACY:Ku-33MF_2:35/236:0/0
[BDArmory.BDACompetitionMode:180848385]: ACCURACY:Pirouette:172/220:0/0
[BDArmory.BDACompetitionMode:180848385]: ACCURACY:Pirouette_1:0/0:0/0
[BDArmory.BDACompetitionMode:180848385]: ACCURACY:Pirouette_2:127/360:0/0
