[BDArmory.BDACompetitionMode:190867283]: Dumping Results after 112s (of 0s) at 2026-01-18 02:45:19 -05:00
[BDArmory.BDACompetitionMode:190867283]: RESULT:Win:{"team": "Team A", "members": ["FF-213A-36 Starlance", "FF-215B-15 Aquila", "FF-213A-36 Starlance_1"]}
[BDArmory.BDACompetitionMode:190867283]: DEADTEAMS:[{"team": "Team B", "members": ["KMX-21A2 Kestros", "KMX-21A2 Kestros_1", "KMX-21A2 Kestros_2"]}]
[BDArmory.BDACompetitionMode:190867283]: ALIVE:FF-213A-36 Starlance
[BDArmory.BDACompetitionMode:190867283]: ALIVE:FF-215B-15 Aquila
[BDArmory.BDACompetitionMode:190867283]: ALIVE:FF-213A-36 Starlance_1
[BDArmory.BDACompetitionMode:190867283]: DEAD:2:106.0:KMX-21A2 Kestros
[BDArmory.BDACompetitionMode:190867283]: DEAD:1:98.7:KMX-21A2 Kestros_1
[BDArmory.BDACompetitionMode:190867283]: DEAD:0:92.0:KMX-21A2 Kestros_2
[BDArmory.BDACompetitionMode:190867283]: WHOSHOTWHOWITHGUNS:KMX-21A2 Kestros:10:FF-215B-15 Aquila:4:FF-213A-36 Starlance_1
[BDArmory.BDACompetitionMode:190867283]: WHOSHOTWHOWITHGUNS:KMX-21A2 Kestros_1:6:FF-213A-36 Starlance_1
[BDArmory.BDACompetitionMode:190867283]: WHOSHOTWHOWITHGUNS:KMX-21A2 Kestros_2:3:FF-213A-36 Starlance
[BDArmory.BDACompetitionMode:190867283]: WHODAMAGEDWHOWITHGUNS:KMX-21A2 Kestros:4029.8:FF-215B-15 Aquila:1670.0:FF-213A-36 Starlance_1
[BDArmory.BDACompetitionMode:190867283]: WHODAMAGEDWHOWITHGUNS:KMX-21A2 Kestros_1:2155.2:FF-213A-36 Starlance_1
[BDArmory.BDACompetitionMode:190867283]: WHODAMAGEDWHOWITHGUNS:KMX-21A2 Kestros_2:2371.7:FF-213A-36 Starlance
[BDArmory.BDACompetitionMode:190867283]: WHOHITWHOWITHMISSILES:KMX-21A2 Kestros:1:FF-215B-15 Aquila
[BDArmory.BDACompetitionMode:190867283]: WHOPARTSHITWHOWITHMISSILES:KMX-21A2 Kestros:24:FF-215B-15 Aquila
[BDArmory.BDACompetitionMode:190867283]: WHODAMAGEDWHOWITHMISSILES:KMX-21A2 Kestros:8076.9:FF-215B-15 Aquila
[BDArmory.BDACompetitionMode:190867283]: WHODAMAGEDWHOWITHBATTLEDAMAGE:KMX-21A2 Kestros:302.8:FF-215B-15 Aquila:4268.1:KMX-21A2 Kestros:19.2:FF-213A-36 Starlance_1
[BDArmory.BDACompetitionMode:190867283]: WHODAMAGEDWHOWITHBATTLEDAMAGE:KMX-21A2 Kestros_1:782.8:FF-213A-36 Starlance_1:5130.9:KMX-21A2 Kestros_1
[BDArmory.BDACompetitionMode:190867283]: WHODAMAGEDWHOWITHBATTLEDAMAGE:KMX-21A2 Kestros_2:16.4:FF-213A-36 Starlance
[BDArmory.BDACompetitionMode:190867283]: GMKILL:KMX-21A2 Kestros_1:GM
[BDArmory.BDACompetitionMode:190867283]: KILLSTEALGUNS:KMX-21A2 Kestros:FF-213A-36 Starlance_1
[BDArmory.BDACompetitionMode:190867283]: CLEANKILLGUNS:KMX-21A2 Kestros_2:FF-213A-36 Starlance
[BDArmory.BDACompetitionMode:190867283]: HPLEFT:KMX-21A2 Kestros:0
[BDArmory.BDACompetitionMode:190867283]: HPLEFT:KMX-21A2 Kestros_1:0
[BDArmory.BDACompetitionMode:190867283]: HPLEFT:KMX-21A2 Kestros_2:0
[BDArmory.BDACompetitionMode:190867283]: HPLEFT:FF-213A-36 Starlance:100
[BDArmory.BDACompetitionMode:190867283]: HPLEFT:FF-215B-15 Aquila:100
[BDArmory.BDACompetitionMode:190867283]: HPLEFT:FF-213A-36 Starlance_1:100
[BDArmory.BDACompetitionMode:190867283]: ACCURACY:KMX-21A2 Kestros:0/0:0/0
[BDArmory.BDACompetitionMode:190867283]: ACCURACY:KMX-21A2 Kestros_1:0/0:0/0
[BDArmory.BDACompetitionMode:190867283]: ACCURACY:KMX-21A2 Kestros_2:0/0:0/0
[BDArmory.BDACompetitionMode:190867283]: ACCURACY:FF-213A-36 Starlance:3/18:0/0
[BDArmory.BDACompetitionMode:190867283]: ACCURACY:FF-215B-15 Aquila:10/22:0/0
[BDArmory.BDACompetitionMode:190867283]: ACCURACY:FF-213A-36 Starlance_1:10/39:0/0
