[BDArmory.BDACompetitionMode:187145065]: Dumping Results after 130s (of 0s) at 2025-12-06 00:48:17 -05:00
[BDArmory.BDACompetitionMode:187145065]: RESULT:Win:{"team": "Team A", "members": ["KMX-08E3 Sagitta II", "KMX-08E3 Sagitta II_1", "KMX-08E3 Sagitta II_2"]}
[BDArmory.BDACompetitionMode:187145065]: DEADTEAMS:[{"team": "Team B", "members": ["TPKTW XK-16 Osprey 4 120A", "TPKTW XK-16 Osprey 4 120A_1", "TPKTW XK-16 Osprey 4 120A_2"]}]
[BDArmory.BDACompetitionMode:187145065]: ALIVE:KMX-08E3 Sagitta II
[BDArmory.BDACompetitionMode:187145065]: ALIVE:KMX-08E3 Sagitta II_1
[BDArmory.BDACompetitionMode:187145065]: ALIVE:KMX-08E3 Sagitta II_2
[BDArmory.BDACompetitionMode:187145065]: DEAD:1:111.0:TPKTW XK-16 Osprey 4 120A
[BDArmory.BDACompetitionMode:187145065]: DEAD:0:101.0:TPKTW XK-16 Osprey 4 120A_1
[BDArmory.BDACompetitionMode:187145065]: DEAD:2:124.0:TPKTW XK-16 Osprey 4 120A_2
[BDArmory.BDACompetitionMode:187145065]: WHOSHOTWHOWITHGUNS:KMX-08E3 Sagitta II:16:TPKTW XK-16 Osprey 4 120A_2
[BDArmory.BDACompetitionMode:187145065]: WHOSHOTWHOWITHGUNS:TPKTW XK-16 Osprey 4 120A:13:KMX-08E3 Sagitta II_1:13:KMX-08E3 Sagitta II_2
[BDArmory.BDACompetitionMode:187145065]: WHOSHOTWHOWITHGUNS:TPKTW XK-16 Osprey 4 120A_1:4:KMX-08E3 Sagitta II_2
[BDArmory.BDACompetitionMode:187145065]: WHODAMAGEDWHOWITHGUNS:KMX-08E3 Sagitta II:1493.0:TPKTW XK-16 Osprey 4 120A_2
[BDArmory.BDACompetitionMode:187145065]: WHODAMAGEDWHOWITHGUNS:TPKTW XK-16 Osprey 4 120A:3883.6:KMX-08E3 Sagitta II_1:4060.7:KMX-08E3 Sagitta II_2
[BDArmory.BDACompetitionMode:187145065]: WHODAMAGEDWHOWITHGUNS:TPKTW XK-16 Osprey 4 120A_1:1289.6:KMX-08E3 Sagitta II_2
[BDArmory.BDACompetitionMode:187145065]: WHOHITWHOWITHMISSILES:TPKTW XK-16 Osprey 4 120A:2:KMX-08E3 Sagitta II_1
[BDArmory.BDACompetitionMode:187145065]: WHOHITWHOWITHMISSILES:TPKTW XK-16 Osprey 4 120A_1:1:KMX-08E3 Sagitta II_2:1:KMX-08E3 Sagitta II
[BDArmory.BDACompetitionMode:187145065]: WHOHITWHOWITHMISSILES:TPKTW XK-16 Osprey 4 120A_2:1:KMX-08E3 Sagitta II_2:1:KMX-08E3 Sagitta II_1
[BDArmory.BDACompetitionMode:187145065]: WHOPARTSHITWHOWITHMISSILES:TPKTW XK-16 Osprey 4 120A:66:KMX-08E3 Sagitta II_1
[BDArmory.BDACompetitionMode:187145065]: WHOPARTSHITWHOWITHMISSILES:TPKTW XK-16 Osprey 4 120A_1:47:KMX-08E3 Sagitta II_2:49:KMX-08E3 Sagitta II
[BDArmory.BDACompetitionMode:187145065]: WHOPARTSHITWHOWITHMISSILES:TPKTW XK-16 Osprey 4 120A_2:51:KMX-08E3 Sagitta II_2:2:KMX-08E3 Sagitta II_1
[BDArmory.BDACompetitionMode:187145065]: WHODAMAGEDWHOWITHMISSILES:TPKTW XK-16 Osprey 4 120A_1:28256.8:KMX-08E3 Sagitta II
[BDArmory.BDACompetitionMode:187145065]: WHODAMAGEDWHOWITHMISSILES:TPKTW XK-16 Osprey 4 120A_2:52921.3:KMX-08E3 Sagitta II_2:1138.8:KMX-08E3 Sagitta II_1
[BDArmory.BDACompetitionMode:187145065]: WHODAMAGEDWHOWITHBATTLEDAMAGE:TPKTW XK-16 Osprey 4 120A:120.4:KMX-08E3 Sagitta II_1:0.8:KMX-08E3 Sagitta II_2
[BDArmory.BDACompetitionMode:187145065]: HEADSHOTGUNS:TPKTW XK-16 Osprey 4 120A:KMX-08E3 Sagitta II_1
[BDArmory.BDACompetitionMode:187145065]: KILLSTEALMISSILES:TPKTW XK-16 Osprey 4 120A_2:KMX-08E3 Sagitta II_1
[BDArmory.BDACompetitionMode:187145065]: HPLEFT:KMX-08E3 Sagitta II:95.3488372093023
[BDArmory.BDACompetitionMode:187145065]: HPLEFT:KMX-08E3 Sagitta II_1:100
[BDArmory.BDACompetitionMode:187145065]: HPLEFT:KMX-08E3 Sagitta II_2:100
[BDArmory.BDACompetitionMode:187145065]: HPLEFT:TPKTW XK-16 Osprey 4 120A:0
[BDArmory.BDACompetitionMode:187145065]: HPLEFT:TPKTW XK-16 Osprey 4 120A_1:0
[BDArmory.BDACompetitionMode:187145065]: HPLEFT:TPKTW XK-16 Osprey 4 120A_2:0
[BDArmory.BDACompetitionMode:187145065]: ACCURACY:KMX-08E3 Sagitta II:0/25:0/0
[BDArmory.BDACompetitionMode:187145065]: ACCURACY:KMX-08E3 Sagitta II_1:13/69:0/0
[BDArmory.BDACompetitionMode:187145065]: ACCURACY:KMX-08E3 Sagitta II_2:17/44:0/0
[BDArmory.BDACompetitionMode:187145065]: ACCURACY:TPKTW XK-16 Osprey 4 120A:0/0:0/0
[BDArmory.BDACompetitionMode:187145065]: ACCURACY:TPKTW XK-16 Osprey 4 120A_1:0/0:0/0
[BDArmory.BDACompetitionMode:187145065]: ACCURACY:TPKTW XK-16 Osprey 4 120A_2:16/43:0/0
