[BDArmory.BDACompetitionMode:187149094]: Dumping Results after 116s (of 0s) at 2025-12-06 01:55:57 -05:00
[BDArmory.BDACompetitionMode:187149094]: RESULT:Win:{"team": "Team A", "members": ["KMX-08E3 Sagitta II", "KMX-08E3 Sagitta II_1", "KMX-08E3 Sagitta II_2"]}
[BDArmory.BDACompetitionMode:187149094]: DEADTEAMS:[{"team": "Team B", "members": ["YF-18E Super Hornet", "YF-18E Super Hornet_1", "YF-18E Super Hornet_2"]}]
[BDArmory.BDACompetitionMode:187149094]: ALIVE:KMX-08E3 Sagitta II
[BDArmory.BDACompetitionMode:187149094]: ALIVE:KMX-08E3 Sagitta II_1
[BDArmory.BDACompetitionMode:187149094]: ALIVE:KMX-08E3 Sagitta II_2
[BDArmory.BDACompetitionMode:187149094]: DEAD:2:110.0:YF-18E Super Hornet
[BDArmory.BDACompetitionMode:187149094]: DEAD:0:104.0:YF-18E Super Hornet_1
[BDArmory.BDACompetitionMode:187149094]: DEAD:1:109.0:YF-18E Super Hornet_2
[BDArmory.BDACompetitionMode:187149094]: WHOSHOTWHOWITHGUNS:YF-18E Super Hornet:2:KMX-08E3 Sagitta II
[BDArmory.BDACompetitionMode:187149094]: WHOSHOTWHOWITHGUNS:YF-18E Super Hornet_1:30:KMX-08E3 Sagitta II
[BDArmory.BDACompetitionMode:187149094]: WHOSHOTWHOWITHGUNS:YF-18E Super Hornet_2:3:KMX-08E3 Sagitta II_2
[BDArmory.BDACompetitionMode:187149094]: WHOSHOTWHOWITHGUNS:KMX-08E3 Sagitta II_1:16:YF-18E Super Hornet
[BDArmory.BDACompetitionMode:187149094]: WHOSHOTWHOWITHGUNS:KMX-08E3 Sagitta II_2:12:YF-18E Super Hornet_2
[BDArmory.BDACompetitionMode:187149094]: WHODAMAGEDWHOWITHGUNS:YF-18E Super Hornet:607.6:KMX-08E3 Sagitta II
[BDArmory.BDACompetitionMode:187149094]: WHODAMAGEDWHOWITHGUNS:YF-18E Super Hornet_1:9731.2:KMX-08E3 Sagitta II
[BDArmory.BDACompetitionMode:187149094]: WHODAMAGEDWHOWITHGUNS:YF-18E Super Hornet_2:1096.8:KMX-08E3 Sagitta II_2
[BDArmory.BDACompetitionMode:187149094]: WHODAMAGEDWHOWITHGUNS:KMX-08E3 Sagitta II_1:1483.3:YF-18E Super Hornet
[BDArmory.BDACompetitionMode:187149094]: WHODAMAGEDWHOWITHGUNS:KMX-08E3 Sagitta II_2:1068.2:YF-18E Super Hornet_2
[BDArmory.BDACompetitionMode:187149094]: WHOHITWHOWITHMISSILES:KMX-08E3 Sagitta II:1:YF-18E Super Hornet_1
[BDArmory.BDACompetitionMode:187149094]: WHOHITWHOWITHMISSILES:KMX-08E3 Sagitta II_1:1:YF-18E Super Hornet
[BDArmory.BDACompetitionMode:187149094]: WHOPARTSHITWHOWITHMISSILES:KMX-08E3 Sagitta II:62:YF-18E Super Hornet_1
[BDArmory.BDACompetitionMode:187149094]: WHOPARTSHITWHOWITHMISSILES:KMX-08E3 Sagitta II_1:61:YF-18E Super Hornet
[BDArmory.BDACompetitionMode:187149094]: WHODAMAGEDWHOWITHMISSILES:KMX-08E3 Sagitta II:8783.5:YF-18E Super Hornet_1
[BDArmory.BDACompetitionMode:187149094]: WHODAMAGEDWHOWITHBATTLEDAMAGE:YF-18E Super Hornet:54.8:KMX-08E3 Sagitta II
[BDArmory.BDACompetitionMode:187149094]: WHODAMAGEDWHOWITHBATTLEDAMAGE:YF-18E Super Hornet_1:82.8:KMX-08E3 Sagitta II:6377.1:YF-18E Super Hornet_1
[BDArmory.BDACompetitionMode:187149094]: CLEANKILLGUNS:YF-18E Super Hornet:KMX-08E3 Sagitta II
[BDArmory.BDACompetitionMode:187149094]: CLEANKILLGUNS:YF-18E Super Hornet_1:KMX-08E3 Sagitta II
[BDArmory.BDACompetitionMode:187149094]: HPLEFT:YF-18E Super Hornet:0
[BDArmory.BDACompetitionMode:187149094]: HPLEFT:YF-18E Super Hornet_1:0
[BDArmory.BDACompetitionMode:187149094]: HPLEFT:YF-18E Super Hornet_2:0
[BDArmory.BDACompetitionMode:187149094]: HPLEFT:KMX-08E3 Sagitta II:91.8604651162791
[BDArmory.BDACompetitionMode:187149094]: HPLEFT:KMX-08E3 Sagitta II_1:100
[BDArmory.BDACompetitionMode:187149094]: HPLEFT:KMX-08E3 Sagitta II_2:96.5116279069768
[BDArmory.BDACompetitionMode:187149094]: ACCURACY:YF-18E Super Hornet:16/56:0/0
[BDArmory.BDACompetitionMode:187149094]: ACCURACY:YF-18E Super Hornet_1:0/0:0/0
[BDArmory.BDACompetitionMode:187149094]: ACCURACY:YF-18E Super Hornet_2:12/56:0/0
[BDArmory.BDACompetitionMode:187149094]: ACCURACY:KMX-08E3 Sagitta II:32/63:0/0
[BDArmory.BDACompetitionMode:187149094]: ACCURACY:KMX-08E3 Sagitta II_1:0/0:0/0
[BDArmory.BDACompetitionMode:187149094]: ACCURACY:KMX-08E3 Sagitta II_2:3/7:0/0
