[BDArmory.BDACompetitionMode:188194237]: Dumping Results after -55s (of 0s) at 2025-12-18 04:12:51 -05:00
[BDArmory.BDACompetitionMode:188194237]: RESULT:Win:{"team": "Team A", "members": ["F-4P Phantom II", "F-4P Phantom II_1", "F-4P Phantom II_2"]}
[BDArmory.BDACompetitionMode:188194237]: DEADTEAMS:[{"team": "Team B", "members": ["Paksu", "Paksu_1", "Paksu_2"]}]
[BDArmory.BDACompetitionMode:188194237]: MIA:Paksu
[BDArmory.BDACompetitionMode:188194237]: MIA:Paksu_1
[BDArmory.BDACompetitionMode:188194237]: DEAD:2:99.0:Paksu_2
[BDArmory.BDACompetitionMode:188194237]: DEAD:1:96.0:F-4P Phantom II
[BDArmory.BDACompetitionMode:188194237]: MIA:F-4P Phantom II_1
[BDArmory.BDACompetitionMode:188194237]: DEAD:0:90.0:F-4P Phantom II_2
[BDArmory.BDACompetitionMode:188194237]: WHOSHOTWHOWITHGUNS:F-4P Phantom II_1:6:Paksu_1
[BDArmory.BDACompetitionMode:188194237]: WHOSHOTWHOWITHGUNS:F-4P Phantom II_2:4:Paksu
[BDArmory.BDACompetitionMode:188194237]: WHODAMAGEDWHOWITHGUNS:F-4P Phantom II_1:1943.8:Paksu_1
[BDArmory.BDACompetitionMode:188194237]: WHODAMAGEDWHOWITHGUNS:F-4P Phantom II_2:1695.1:Paksu
[BDArmory.BDACompetitionMode:188194237]: WHOHITWHOWITHMISSILES:F-4P Phantom II:4:Paksu_2
[BDArmory.BDACompetitionMode:188194237]: WHOHITWHOWITHMISSILES:F-4P Phantom II_1:3:Paksu_1
[BDArmory.BDACompetitionMode:188194237]: WHOHITWHOWITHMISSILES:F-4P Phantom II_2:2:Paksu
[BDArmory.BDACompetitionMode:188194237]: WHOPARTSHITWHOWITHMISSILES:F-4P Phantom II:76:Paksu_2
[BDArmory.BDACompetitionMode:188194237]: WHOPARTSHITWHOWITHMISSILES:F-4P Phantom II_1:71:Paksu_1
[BDArmory.BDACompetitionMode:188194237]: WHOPARTSHITWHOWITHMISSILES:F-4P Phantom II_2:11:Paksu
[BDArmory.BDACompetitionMode:188194237]: WHODAMAGEDWHOWITHMISSILES:F-4P Phantom II:32985.1:Paksu_2
[BDArmory.BDACompetitionMode:188194237]: WHODAMAGEDWHOWITHMISSILES:F-4P Phantom II_1:54972.9:Paksu_1
[BDArmory.BDACompetitionMode:188194237]: WHODAMAGEDWHOWITHMISSILES:F-4P Phantom II_2:14065.3:Paksu
[BDArmory.BDACompetitionMode:188194237]: WHODAMAGEDWHOWITHBATTLEDAMAGE:F-4P Phantom II:5736.9:F-4P Phantom II
[BDArmory.BDACompetitionMode:188194237]: WHODAMAGEDWHOWITHBATTLEDAMAGE:F-4P Phantom II_1:111.2:Paksu_1
[BDArmory.BDACompetitionMode:188194237]: WHODAMAGEDWHOWITHBATTLEDAMAGE:F-4P Phantom II_2:7721.2:F-4P Phantom II_2:21.2:Paksu
[BDArmory.BDACompetitionMode:188194237]: CLEANKILLMISSILES:F-4P Phantom II:Paksu_2
[BDArmory.BDACompetitionMode:188194237]: CLEANKILLMISSILES:F-4P Phantom II_2:Paksu
[BDArmory.BDACompetitionMode:188194237]: HPLEFT:Paksu:0
[BDArmory.BDACompetitionMode:188194237]: HPLEFT:Paksu_1:0
[BDArmory.BDACompetitionMode:188194237]: HPLEFT:Paksu_2:0
[BDArmory.BDACompetitionMode:188194237]: HPLEFT:F-4P Phantom II:0
[BDArmory.BDACompetitionMode:188194237]: HPLEFT:F-4P Phantom II_1:13.2075471698113
[BDArmory.BDACompetitionMode:188194237]: HPLEFT:F-4P Phantom II_2:0
[BDArmory.BDACompetitionMode:188194237]: ACCURACY:Paksu:4/10:0/0
[BDArmory.BDACompetitionMode:188194237]: ACCURACY:Paksu_1:6/62:0/0
[BDArmory.BDACompetitionMode:188194237]: ACCURACY:Paksu_2:0/0:0/0
[BDArmory.BDACompetitionMode:188194237]: ACCURACY:F-4P Phantom II:0/0:0/0
[BDArmory.BDACompetitionMode:188194237]: ACCURACY:F-4P Phantom II_1:0/0:0/0
[BDArmory.BDACompetitionMode:188194237]: ACCURACY:F-4P Phantom II_2:0/0:0/0
