[BDArmory.BDACompetitionMode:187147710]: Dumping Results after 199s (of 0s) at 2025-12-06 01:35:49 -05:00
[BDArmory.BDACompetitionMode:187147710]: RESULT:Win:{"team": "Team A", "members": ["Geist-I/M mk.Ib", "Geist-I/M mk.Ib_1", "Geist-I/M mk.Ib_2"]}
[BDArmory.BDACompetitionMode:187147710]: DEADTEAMS:[{"team": "Team B", "members": ["MiG-23ML", "MiG-23ML_1", "MiG-23ML_2"]}]
[BDArmory.BDACompetitionMode:187147710]: ALIVE:Geist-I/M mk.Ib_1
[BDArmory.BDACompetitionMode:187147710]: DEAD:3:193.0:Geist-I/M mk.Ib
[BDArmory.BDACompetitionMode:187147710]: DEAD:0:97.0:Geist-I/M mk.Ib_2
[BDArmory.BDACompetitionMode:187147710]: DEAD:4:193.0:MiG-23ML
[BDArmory.BDACompetitionMode:187147710]: DEAD:2:182.0:MiG-23ML_1
[BDArmory.BDACompetitionMode:187147710]: DEAD:1:99.3:MiG-23ML_2
[BDArmory.BDACompetitionMode:187147710]: WHOSHOTWHOWITHGUNS:Geist-I/M mk.Ib:2:MiG-23ML:3:MiG-23ML_1
[BDArmory.BDACompetitionMode:187147710]: WHOSHOTWHOWITHGUNS:MiG-23ML:12:Geist-I/M mk.Ib_1
[BDArmory.BDACompetitionMode:187147710]: WHOSHOTWHOWITHGUNS:MiG-23ML_1:99:Geist-I/M mk.Ib
[BDArmory.BDACompetitionMode:187147710]: WHODAMAGEDWHOWITHGUNS:Geist-I/M mk.Ib:271.3:MiG-23ML:572.8:MiG-23ML_1
[BDArmory.BDACompetitionMode:187147710]: WHODAMAGEDWHOWITHGUNS:MiG-23ML:1075.0:Geist-I/M mk.Ib_1
[BDArmory.BDACompetitionMode:187147710]: WHODAMAGEDWHOWITHGUNS:MiG-23ML_1:8247.8:Geist-I/M mk.Ib
[BDArmory.BDACompetitionMode:187147710]: WHOHITWHOWITHMISSILES:Geist-I/M mk.Ib_2:1:MiG-23ML
[BDArmory.BDACompetitionMode:187147710]: WHOHITWHOWITHMISSILES:MiG-23ML:1:Geist-I/M mk.Ib
[BDArmory.BDACompetitionMode:187147710]: WHOHITWHOWITHMISSILES:MiG-23ML_2:1:Geist-I/M mk.Ib_2
[BDArmory.BDACompetitionMode:187147710]: WHOPARTSHITWHOWITHMISSILES:Geist-I/M mk.Ib_2:98:MiG-23ML
[BDArmory.BDACompetitionMode:187147710]: WHOPARTSHITWHOWITHMISSILES:MiG-23ML:80:Geist-I/M mk.Ib
[BDArmory.BDACompetitionMode:187147710]: WHOPARTSHITWHOWITHMISSILES:MiG-23ML_2:94:Geist-I/M mk.Ib_2
[BDArmory.BDACompetitionMode:187147710]: WHODAMAGEDWHOWITHMISSILES:Geist-I/M mk.Ib_2:69424.4:MiG-23ML
[BDArmory.BDACompetitionMode:187147710]: WHODAMAGEDWHOWITHMISSILES:MiG-23ML:19054.3:Geist-I/M mk.Ib
[BDArmory.BDACompetitionMode:187147710]: WHODAMAGEDWHOWITHMISSILES:MiG-23ML_2:27673.6:Geist-I/M mk.Ib_2
[BDArmory.BDACompetitionMode:187147710]: WHODAMAGEDWHOWITHBATTLEDAMAGE:MiG-23ML:473.2:Geist-I/M mk.Ib_1
[BDArmory.BDACompetitionMode:187147710]: WHODAMAGEDWHOWITHBATTLEDAMAGE:MiG-23ML_1:1397.6:Geist-I/M mk.Ib:12273.9:MiG-23ML_1
[BDArmory.BDACompetitionMode:187147710]: GMKILL:Geist-I/M mk.Ib_2:GM
[BDArmory.BDACompetitionMode:187147710]: GMKILL:MiG-23ML_2:GM
[BDArmory.BDACompetitionMode:187147710]: HPLEFT:Geist-I/M mk.Ib:0
[BDArmory.BDACompetitionMode:187147710]: HPLEFT:Geist-I/M mk.Ib_1:100
[BDArmory.BDACompetitionMode:187147710]: HPLEFT:Geist-I/M mk.Ib_2:0
[BDArmory.BDACompetitionMode:187147710]: HPLEFT:MiG-23ML:0
[BDArmory.BDACompetitionMode:187147710]: HPLEFT:MiG-23ML_1:0
[BDArmory.BDACompetitionMode:187147710]: HPLEFT:MiG-23ML_2:0
[BDArmory.BDACompetitionMode:187147710]: ACCURACY:Geist-I/M mk.Ib:99/1200:0/0
[BDArmory.BDACompetitionMode:187147710]: ACCURACY:Geist-I/M mk.Ib_1:12/196:0/0
[BDArmory.BDACompetitionMode:187147710]: ACCURACY:Geist-I/M mk.Ib_2:0/0:0/0
[BDArmory.BDACompetitionMode:187147710]: ACCURACY:MiG-23ML:2/10:0/0
[BDArmory.BDACompetitionMode:187147710]: ACCURACY:MiG-23ML_1:3/13:0/0
[BDArmory.BDACompetitionMode:187147710]: ACCURACY:MiG-23ML_2:0/3:0/0
