[BDArmory.BDACompetitionMode:190866968]: Dumping Results after 134s (of 0s) at 2026-01-18 02:40:24 -05:00
[BDArmory.BDACompetitionMode:190866968]: RESULT:Win:{"team": "Team A", "members": ["FF-213A-36 Starlance", "FF-215B-15 Aquila", "FF-213A-36 Starlance_1"]}
[BDArmory.BDACompetitionMode:190866968]: DEADTEAMS:[{"team": "Team B", "members": ["KMX-21A2 Kestros", "KMX-21A2 Kestros_1", "KMX-21A2 Kestros_2"]}]
[BDArmory.BDACompetitionMode:190866968]: ALIVE:FF-213A-36 Starlance
[BDArmory.BDACompetitionMode:190866968]: ALIVE:FF-215B-15 Aquila
[BDArmory.BDACompetitionMode:190866968]: ALIVE:FF-213A-36 Starlance_1
[BDArmory.BDACompetitionMode:190866968]: DEAD:1:109.0:KMX-21A2 Kestros
[BDArmory.BDACompetitionMode:190866968]: DEAD:2:128.0:KMX-21A2 Kestros_1
[BDArmory.BDACompetitionMode:190866968]: DEAD:0:106.0:KMX-21A2 Kestros_2
[BDArmory.BDACompetitionMode:190866968]: WHOSHOTWHOWITHGUNS:FF-215B-15 Aquila:5:KMX-21A2 Kestros_2
[BDArmory.BDACompetitionMode:190866968]: WHOSHOTWHOWITHGUNS:KMX-21A2 Kestros_1:6:FF-213A-36 Starlance_1:1:FF-213A-36 Starlance
[BDArmory.BDACompetitionMode:190866968]: WHODAMAGEDWHOWITHGUNS:FF-215B-15 Aquila:1254.6:KMX-21A2 Kestros_2
[BDArmory.BDACompetitionMode:190866968]: WHODAMAGEDWHOWITHGUNS:KMX-21A2 Kestros_1:2410.0:FF-213A-36 Starlance_1:308.9:FF-213A-36 Starlance
[BDArmory.BDACompetitionMode:190866968]: WHOHITWHOWITHMISSILES:KMX-21A2 Kestros:1:FF-213A-36 Starlance_1
[BDArmory.BDACompetitionMode:190866968]: WHOHITWHOWITHMISSILES:KMX-21A2 Kestros_1:1:FF-213A-36 Starlance
[BDArmory.BDACompetitionMode:190866968]: WHOHITWHOWITHMISSILES:KMX-21A2 Kestros_2:1:FF-215B-15 Aquila
[BDArmory.BDACompetitionMode:190866968]: WHOPARTSHITWHOWITHMISSILES:KMX-21A2 Kestros:61:FF-213A-36 Starlance_1
[BDArmory.BDACompetitionMode:190866968]: WHOPARTSHITWHOWITHMISSILES:KMX-21A2 Kestros_1:52:FF-213A-36 Starlance
[BDArmory.BDACompetitionMode:190866968]: WHOPARTSHITWHOWITHMISSILES:KMX-21A2 Kestros_2:58:FF-215B-15 Aquila
[BDArmory.BDACompetitionMode:190866968]: WHODAMAGEDWHOWITHMISSILES:KMX-21A2 Kestros:20756.8:FF-213A-36 Starlance_1
[BDArmory.BDACompetitionMode:190866968]: WHODAMAGEDWHOWITHMISSILES:KMX-21A2 Kestros_1:15541.4:FF-213A-36 Starlance
[BDArmory.BDACompetitionMode:190866968]: WHODAMAGEDWHOWITHMISSILES:KMX-21A2 Kestros_2:12943.4:FF-215B-15 Aquila
[BDArmory.BDACompetitionMode:190866968]: WHODAMAGEDWHOWITHBATTLEDAMAGE:FF-215B-15 Aquila:601.2:KMX-21A2 Kestros_2
[BDArmory.BDACompetitionMode:190866968]: WHODAMAGEDWHOWITHBATTLEDAMAGE:KMX-21A2 Kestros:150.0:FF-213A-36 Starlance_1
[BDArmory.BDACompetitionMode:190866968]: WHODAMAGEDWHOWITHBATTLEDAMAGE:KMX-21A2 Kestros_1:484.8:FF-213A-36 Starlance_1:59.6:FF-213A-36 Starlance
[BDArmory.BDACompetitionMode:190866968]: HPLEFT:FF-213A-36 Starlance:100
[BDArmory.BDACompetitionMode:190866968]: HPLEFT:FF-215B-15 Aquila:97.9452054794521
[BDArmory.BDACompetitionMode:190866968]: HPLEFT:FF-213A-36 Starlance_1:100
[BDArmory.BDACompetitionMode:190866968]: HPLEFT:KMX-21A2 Kestros:0
[BDArmory.BDACompetitionMode:190866968]: HPLEFT:KMX-21A2 Kestros_1:0
[BDArmory.BDACompetitionMode:190866968]: HPLEFT:KMX-21A2 Kestros_2:0
[BDArmory.BDACompetitionMode:190866968]: ACCURACY:FF-213A-36 Starlance:1/31:0/0
[BDArmory.BDACompetitionMode:190866968]: ACCURACY:FF-215B-15 Aquila:0/7:0/0
[BDArmory.BDACompetitionMode:190866968]: ACCURACY:FF-213A-36 Starlance_1:6/42:0/0
[BDArmory.BDACompetitionMode:190866968]: ACCURACY:KMX-21A2 Kestros:0/0:0/0
[BDArmory.BDACompetitionMode:190866968]: ACCURACY:KMX-21A2 Kestros_1:0/25:0/0
[BDArmory.BDACompetitionMode:190866968]: ACCURACY:KMX-21A2 Kestros_2:5/16:0/0
