[BDArmory.BDACompetitionMode:187145819]: Dumping Results after 139s (of 0s) at 2025-12-06 01:02:20 -05:00
[BDArmory.BDACompetitionMode:187145819]: RESULT:Win:{"team": "Team B", "members": ["YF-18E Super Hornet", "YF-18E Super Hornet_1", "YF-18E Super Hornet_2"]}
[BDArmory.BDACompetitionMode:187145819]: DEADTEAMS:[{"team": "Team A", "members": ["FF-213C-8A Starlance", "FF-213C-8A Starlance_1", "FF-213C-8A Starlance_2"]}]
[BDArmory.BDACompetitionMode:187145819]: ALIVE:YF-18E Super Hornet_1
[BDArmory.BDACompetitionMode:187145819]: DEAD:2:132.0:FF-213C-8A Starlance
[BDArmory.BDACompetitionMode:187145819]: DEAD:0:83.0:FF-213C-8A Starlance_1
[BDArmory.BDACompetitionMode:187145819]: DEAD:1:92.0:FF-213C-8A Starlance_2
[BDArmory.BDACompetitionMode:187145819]: DEAD:3:138.0:YF-18E Super Hornet
[BDArmory.BDACompetitionMode:187145819]: DEAD:4:138.0:YF-18E Super Hornet_2
[BDArmory.BDACompetitionMode:187145819]: WHOSHOTWHOWITHGUNS:FF-213C-8A Starlance:1:YF-18E Super Hornet:44:YF-18E Super Hornet_2:2:YF-18E Super Hornet_1
[BDArmory.BDACompetitionMode:187145819]: WHOSHOTWHOWITHGUNS:YF-18E Super Hornet:1:FF-213C-8A Starlance
[BDArmory.BDACompetitionMode:187145819]: WHODAMAGEDWHOWITHGUNS:FF-213C-8A Starlance:99.5:YF-18E Super Hornet:4268.0:YF-18E Super Hornet_2:135.5:YF-18E Super Hornet_1
[BDArmory.BDACompetitionMode:187145819]: WHODAMAGEDWHOWITHGUNS:YF-18E Super Hornet:95.5:FF-213C-8A Starlance
[BDArmory.BDACompetitionMode:187145819]: WHOHITWHOWITHMISSILES:FF-213C-8A Starlance_2:1:YF-18E Super Hornet_2
[BDArmory.BDACompetitionMode:187145819]: WHOHITWHOWITHMISSILES:YF-18E Super Hornet_1:1:FF-213C-8A Starlance:1:FF-213C-8A Starlance_1
[BDArmory.BDACompetitionMode:187145819]: WHOPARTSHITWHOWITHMISSILES:FF-213C-8A Starlance_2:66:YF-18E Super Hornet_2
[BDArmory.BDACompetitionMode:187145819]: WHOPARTSHITWHOWITHMISSILES:YF-18E Super Hornet_1:119:FF-213C-8A Starlance:74:FF-213C-8A Starlance_1
[BDArmory.BDACompetitionMode:187145819]: WHODAMAGEDWHOWITHMISSILES:FF-213C-8A Starlance_2:25362.8:YF-18E Super Hornet_2
[BDArmory.BDACompetitionMode:187145819]: WHODAMAGEDWHOWITHMISSILES:YF-18E Super Hornet_1:23161.7:FF-213C-8A Starlance:10704.0:FF-213C-8A Starlance_1
[BDArmory.BDACompetitionMode:187145819]: WHODAMAGEDWHOWITHBATTLEDAMAGE:FF-213C-8A Starlance:0.8:YF-18E Super Hornet:203.2:YF-18E Super Hornet_2:400.4:YF-18E Super Hornet_1
[BDArmory.BDACompetitionMode:187145819]: WHODAMAGEDWHOWITHBATTLEDAMAGE:FF-213C-8A Starlance_2:91.2:YF-18E Super Hornet_2
[BDArmory.BDACompetitionMode:187145819]: WHODAMAGEDWHOWITHBATTLEDAMAGE:YF-18E Super Hornet_1:200.4:FF-213C-8A Starlance_1
[BDArmory.BDACompetitionMode:187145819]: GMKILL:FF-213C-8A Starlance:LandedTooLong
[BDArmory.BDACompetitionMode:187145819]: GMKILL:YF-18E Super Hornet:LandedTooLong
[BDArmory.BDACompetitionMode:187145819]: GMKILL:YF-18E Super Hornet_2:LandedTooLong
[BDArmory.BDACompetitionMode:187145819]: HPLEFT:FF-213C-8A Starlance:0
[BDArmory.BDACompetitionMode:187145819]: HPLEFT:FF-213C-8A Starlance_1:0
[BDArmory.BDACompetitionMode:187145819]: HPLEFT:FF-213C-8A Starlance_2:0
[BDArmory.BDACompetitionMode:187145819]: HPLEFT:YF-18E Super Hornet:0
[BDArmory.BDACompetitionMode:187145819]: HPLEFT:YF-18E Super Hornet_1:55.0898203592814
[BDArmory.BDACompetitionMode:187145819]: HPLEFT:YF-18E Super Hornet_2:0
[BDArmory.BDACompetitionMode:187145819]: ACCURACY:FF-213C-8A Starlance:1/12:0/0
[BDArmory.BDACompetitionMode:187145819]: ACCURACY:FF-213C-8A Starlance_1:0/0:0/0
[BDArmory.BDACompetitionMode:187145819]: ACCURACY:FF-213C-8A Starlance_2:0/0:0/0
[BDArmory.BDACompetitionMode:187145819]: ACCURACY:YF-18E Super Hornet:1/12:0/0
[BDArmory.BDACompetitionMode:187145819]: ACCURACY:YF-18E Super Hornet_1:2/6:0/0
[BDArmory.BDACompetitionMode:187145819]: ACCURACY:YF-18E Super Hornet_2:44/136:0/0
