[BDArmory.BDACompetitionMode:187147186]: Dumping Results after 211s (of 0s) at 2025-12-06 01:27:18 -05:00
[BDArmory.BDACompetitionMode:187147186]: RESULT:Win:{"team": "Team B", "members": ["MiG-23ML", "MiG-23ML_1", "MiG-23ML_2"]}
[BDArmory.BDACompetitionMode:187147186]: DEADTEAMS:[{"team": "Team A", "members": ["Geist-I/M mk.Ib", "Geist-I/M mk.Ib_1", "Geist-I/M mk.Ib_2"]}]
[BDArmory.BDACompetitionMode:187147186]: ALIVE:MiG-23ML
[BDArmory.BDACompetitionMode:187147186]: ALIVE:MiG-23ML_1
[BDArmory.BDACompetitionMode:187147186]: ALIVE:MiG-23ML_2
[BDArmory.BDACompetitionMode:187147186]: DEAD:1:150.0:Geist-I/M mk.Ib
[BDArmory.BDACompetitionMode:187147186]: DEAD:2:205.0:Geist-I/M mk.Ib_1
[BDArmory.BDACompetitionMode:187147186]: DEAD:0:149.0:Geist-I/M mk.Ib_2
[BDArmory.BDACompetitionMode:187147186]: WHOSHOTWHOWITHGUNS:Geist-I/M mk.Ib_1:3:MiG-23ML_2:1:MiG-23ML
[BDArmory.BDACompetitionMode:187147186]: WHOSHOTWHOWITHGUNS:Geist-I/M mk.Ib_2:15:MiG-23ML_2
[BDArmory.BDACompetitionMode:187147186]: WHOSHOTWHOWITHGUNS:MiG-23ML:2:Geist-I/M mk.Ib_2:5:Geist-I/M mk.Ib_1
[BDArmory.BDACompetitionMode:187147186]: WHOSHOTWHOWITHGUNS:MiG-23ML_1:4:Geist-I/M mk.Ib_1:15:Geist-I/M mk.Ib
[BDArmory.BDACompetitionMode:187147186]: WHOSHOTWHOWITHGUNS:MiG-23ML_2:28:Geist-I/M mk.Ib_1
[BDArmory.BDACompetitionMode:187147186]: WHODAMAGEDWHOWITHGUNS:Geist-I/M mk.Ib_1:282.5:MiG-23ML_2:21.1:MiG-23ML
[BDArmory.BDACompetitionMode:187147186]: WHODAMAGEDWHOWITHGUNS:Geist-I/M mk.Ib_2:3359.7:MiG-23ML_2
[BDArmory.BDACompetitionMode:187147186]: WHODAMAGEDWHOWITHGUNS:MiG-23ML:269.3:Geist-I/M mk.Ib_2:387.7:Geist-I/M mk.Ib_1
[BDArmory.BDACompetitionMode:187147186]: WHODAMAGEDWHOWITHGUNS:MiG-23ML_1:307.6:Geist-I/M mk.Ib_1:1529.8:Geist-I/M mk.Ib
[BDArmory.BDACompetitionMode:187147186]: WHODAMAGEDWHOWITHGUNS:MiG-23ML_2:3020.1:Geist-I/M mk.Ib_1
[BDArmory.BDACompetitionMode:187147186]: WHOHITWHOWITHMISSILES:Geist-I/M mk.Ib:1:MiG-23ML_2:1:MiG-23ML
[BDArmory.BDACompetitionMode:187147186]: WHOHITWHOWITHMISSILES:Geist-I/M mk.Ib_1:2:MiG-23ML_2
[BDArmory.BDACompetitionMode:187147186]: WHOPARTSHITWHOWITHMISSILES:Geist-I/M mk.Ib:99:MiG-23ML_2:100:MiG-23ML
[BDArmory.BDACompetitionMode:187147186]: WHOPARTSHITWHOWITHMISSILES:Geist-I/M mk.Ib_1:185:MiG-23ML_2
[BDArmory.BDACompetitionMode:187147186]: WHODAMAGEDWHOWITHMISSILES:Geist-I/M mk.Ib:172.4:MiG-23ML_2:57745.1:MiG-23ML
[BDArmory.BDACompetitionMode:187147186]: WHODAMAGEDWHOWITHMISSILES:Geist-I/M mk.Ib_1:17573.8:MiG-23ML_2
[BDArmory.BDACompetitionMode:187147186]: WHODAMAGEDWHOWITHBATTLEDAMAGE:Geist-I/M mk.Ib:200.4:MiG-23ML_2
[BDArmory.BDACompetitionMode:187147186]: WHODAMAGEDWHOWITHBATTLEDAMAGE:Geist-I/M mk.Ib_2:191.2:MiG-23ML_2
[BDArmory.BDACompetitionMode:187147186]: WHODAMAGEDWHOWITHBATTLEDAMAGE:MiG-23ML:137.6:Geist-I/M mk.Ib_2
[BDArmory.BDACompetitionMode:187147186]: WHODAMAGEDWHOWITHBATTLEDAMAGE:MiG-23ML_1:18.8:Geist-I/M mk.Ib
[BDArmory.BDACompetitionMode:187147186]: WHODAMAGEDWHOWITHBATTLEDAMAGE:MiG-23ML_2:5.2:Geist-I/M mk.Ib_1
[BDArmory.BDACompetitionMode:187147186]: HEADSHOTMISSILES:Geist-I/M mk.Ib:MiG-23ML
[BDArmory.BDACompetitionMode:187147186]: HPLEFT:Geist-I/M mk.Ib:0
[BDArmory.BDACompetitionMode:187147186]: HPLEFT:Geist-I/M mk.Ib_1:0
[BDArmory.BDACompetitionMode:187147186]: HPLEFT:Geist-I/M mk.Ib_2:0
[BDArmory.BDACompetitionMode:187147186]: HPLEFT:MiG-23ML:96.3963963963964
[BDArmory.BDACompetitionMode:187147186]: HPLEFT:MiG-23ML_1:91.8918918918919
[BDArmory.BDACompetitionMode:187147186]: HPLEFT:MiG-23ML_2:82.8828828828829
[BDArmory.BDACompetitionMode:187147186]: ACCURACY:Geist-I/M mk.Ib:15/113:0/0
[BDArmory.BDACompetitionMode:187147186]: ACCURACY:Geist-I/M mk.Ib_1:37/425:0/0
[BDArmory.BDACompetitionMode:187147186]: ACCURACY:Geist-I/M mk.Ib_2:2/141:0/0
[BDArmory.BDACompetitionMode:187147186]: ACCURACY:MiG-23ML:1/2:0/0
[BDArmory.BDACompetitionMode:187147186]: ACCURACY:MiG-23ML_1:0/14:0/0
[BDArmory.BDACompetitionMode:187147186]: ACCURACY:MiG-23ML_2:18/37:0/0
