[BDArmory.BDACompetitionMode:190866006]: Dumping Results after 139s (of 0s) at 2026-01-18 02:24:15 -05:00
[BDArmory.BDACompetitionMode:190866006]: RESULT:Win:{"team": "Team B", "members": ["KMX-21A2 Kestros", "KMX-21A2 Kestros_1", "KMX-21A2 Kestros_2"]}
[BDArmory.BDACompetitionMode:190866006]: DEADTEAMS:[{"team": "Team A", "members": ["YF-109 Rapier II", "YF-109 Rapier II_1", "YF-109 Rapier II_2"]}]
[BDArmory.BDACompetitionMode:190866006]: ALIVE:KMX-21A2 Kestros_1
[BDArmory.BDACompetitionMode:190866006]: ALIVE:KMX-21A2 Kestros_2
[BDArmory.BDACompetitionMode:190866006]: DEAD:1:106.0:KMX-21A2 Kestros
[BDArmory.BDACompetitionMode:190866006]: DEAD:0:106.0:YF-109 Rapier II
[BDArmory.BDACompetitionMode:190866006]: DEAD:2:112.0:YF-109 Rapier II_1
[BDArmory.BDACompetitionMode:190866006]: DEAD:3:133.0:YF-109 Rapier II_2
[BDArmory.BDACompetitionMode:190866006]: WHOSHOTWHOWITHGUNS:KMX-21A2 Kestros:18:YF-109 Rapier II
[BDArmory.BDACompetitionMode:190866006]: WHOSHOTWHOWITHGUNS:YF-109 Rapier II:49:KMX-21A2 Kestros_2
[BDArmory.BDACompetitionMode:190866006]: WHOSHOTWHOWITHGUNS:YF-109 Rapier II_1:61:KMX-21A2 Kestros_1
[BDArmory.BDACompetitionMode:190866006]: WHOSHOTWHOWITHGUNS:YF-109 Rapier II_2:18:KMX-21A2 Kestros_1
[BDArmory.BDACompetitionMode:190866006]: WHODAMAGEDWHOWITHGUNS:KMX-21A2 Kestros:1979.0:YF-109 Rapier II
[BDArmory.BDACompetitionMode:190866006]: WHODAMAGEDWHOWITHGUNS:YF-109 Rapier II:8180.8:KMX-21A2 Kestros_2
[BDArmory.BDACompetitionMode:190866006]: WHODAMAGEDWHOWITHGUNS:YF-109 Rapier II_1:10453.9:KMX-21A2 Kestros_1
[BDArmory.BDACompetitionMode:190866006]: WHODAMAGEDWHOWITHGUNS:YF-109 Rapier II_2:2420.3:KMX-21A2 Kestros_1
[BDArmory.BDACompetitionMode:190866006]: WHOHITWHOWITHMISSILES:KMX-21A2 Kestros:1:YF-109 Rapier II_2
[BDArmory.BDACompetitionMode:190866006]: WHOHITWHOWITHMISSILES:YF-109 Rapier II:1:KMX-21A2 Kestros_2
[BDArmory.BDACompetitionMode:190866006]: WHOPARTSHITWHOWITHMISSILES:KMX-21A2 Kestros:27:YF-109 Rapier II_2
[BDArmory.BDACompetitionMode:190866006]: WHOPARTSHITWHOWITHMISSILES:YF-109 Rapier II:60:KMX-21A2 Kestros_2
[BDArmory.BDACompetitionMode:190866006]: WHODAMAGEDWHOWITHMISSILES:KMX-21A2 Kestros:11993.4:YF-109 Rapier II_2
[BDArmory.BDACompetitionMode:190866006]: WHODAMAGEDWHOWITHMISSILES:YF-109 Rapier II:4844.3:KMX-21A2 Kestros_2
[BDArmory.BDACompetitionMode:190866006]: WHODAMAGEDWHOWITHBATTLEDAMAGE:KMX-21A2 Kestros:1125.2:YF-109 Rapier II:5349.9:KMX-21A2 Kestros
[BDArmory.BDACompetitionMode:190866006]: WHODAMAGEDWHOWITHBATTLEDAMAGE:YF-109 Rapier II:156.4:KMX-21A2 Kestros_2
[BDArmory.BDACompetitionMode:190866006]: WHODAMAGEDWHOWITHBATTLEDAMAGE:YF-109 Rapier II_1:862.0:KMX-21A2 Kestros_1
[BDArmory.BDACompetitionMode:190866006]: WHODAMAGEDWHOWITHBATTLEDAMAGE:YF-109 Rapier II_2:400.4:KMX-21A2 Kestros_1
[BDArmory.BDACompetitionMode:190866006]: GMKILL:KMX-21A2 Kestros:GM
[BDArmory.BDACompetitionMode:190866006]: CLEANKILLGUNS:YF-109 Rapier II:KMX-21A2 Kestros_2
[BDArmory.BDACompetitionMode:190866006]: HPLEFT:KMX-21A2 Kestros:0
[BDArmory.BDACompetitionMode:190866006]: HPLEFT:KMX-21A2 Kestros_1:100
[BDArmory.BDACompetitionMode:190866006]: HPLEFT:KMX-21A2 Kestros_2:100
[BDArmory.BDACompetitionMode:190866006]: HPLEFT:YF-109 Rapier II:0
[BDArmory.BDACompetitionMode:190866006]: HPLEFT:YF-109 Rapier II_1:0
[BDArmory.BDACompetitionMode:190866006]: HPLEFT:YF-109 Rapier II_2:0
[BDArmory.BDACompetitionMode:190866006]: ACCURACY:KMX-21A2 Kestros:0/0:0/0
[BDArmory.BDACompetitionMode:190866006]: ACCURACY:KMX-21A2 Kestros_1:79/334:0/0
[BDArmory.BDACompetitionMode:190866006]: ACCURACY:KMX-21A2 Kestros_2:49/87:0/0
[BDArmory.BDACompetitionMode:190866006]: ACCURACY:YF-109 Rapier II:18/153:0/0
[BDArmory.BDACompetitionMode:190866006]: ACCURACY:YF-109 Rapier II_1:0/0:0/0
[BDArmory.BDACompetitionMode:190866006]: ACCURACY:YF-109 Rapier II_2:0/8:0/0
