[BDArmory.BDACompetitionMode:190866614]: Dumping Results after 129s (of 0s) at 2026-01-18 02:34:10 -05:00
[BDArmory.BDACompetitionMode:190866614]: RESULT:Win:{"team": "Team B", "members": ["KMX-21A2 Kestros", "KMX-21A2 Kestros_1", "KMX-21A2 Kestros_2"]}
[BDArmory.BDACompetitionMode:190866614]: DEADTEAMS:[{"team": "Team A", "members": ["YF-109 Rapier II", "YF-109 Rapier II_1", "YF-109 Rapier II_2"]}]
[BDArmory.BDACompetitionMode:190866614]: ALIVE:KMX-21A2 Kestros_2
[BDArmory.BDACompetitionMode:190866614]: DEAD:4:123.0:YF-109 Rapier II
[BDArmory.BDACompetitionMode:190866614]: DEAD:2:108.0:YF-109 Rapier II_1
[BDArmory.BDACompetitionMode:190866614]: DEAD:1:106.0:YF-109 Rapier II_2
[BDArmory.BDACompetitionMode:190866614]: DEAD:3:122.3:KMX-21A2 Kestros
[BDArmory.BDACompetitionMode:190866614]: DEAD:0:99.5:KMX-21A2 Kestros_1
[BDArmory.BDACompetitionMode:190866614]: WHOSHOTWHOWITHGUNS:YF-109 Rapier II:19:KMX-21A2 Kestros_2
[BDArmory.BDACompetitionMode:190866614]: WHOSHOTWHOWITHGUNS:YF-109 Rapier II_1:40:KMX-21A2 Kestros
[BDArmory.BDACompetitionMode:190866614]: WHOSHOTWHOWITHGUNS:YF-109 Rapier II_2:10:KMX-21A2 Kestros_2
[BDArmory.BDACompetitionMode:190866614]: WHOSHOTWHOWITHGUNS:KMX-21A2 Kestros:2:YF-109 Rapier II
[BDArmory.BDACompetitionMode:190866614]: WHODAMAGEDWHOWITHGUNS:YF-109 Rapier II:3045.8:KMX-21A2 Kestros_2
[BDArmory.BDACompetitionMode:190866614]: WHODAMAGEDWHOWITHGUNS:YF-109 Rapier II_1:6470.4:KMX-21A2 Kestros
[BDArmory.BDACompetitionMode:190866614]: WHODAMAGEDWHOWITHGUNS:YF-109 Rapier II_2:2195.4:KMX-21A2 Kestros_2
[BDArmory.BDACompetitionMode:190866614]: WHODAMAGEDWHOWITHGUNS:KMX-21A2 Kestros:119.9:YF-109 Rapier II
[BDArmory.BDACompetitionMode:190866614]: WHOHITWHOWITHMISSILES:YF-109 Rapier II_1:2:KMX-21A2 Kestros
[BDArmory.BDACompetitionMode:190866614]: WHOHITWHOWITHMISSILES:KMX-21A2 Kestros:1:YF-109 Rapier II
[BDArmory.BDACompetitionMode:190866614]: WHOHITWHOWITHMISSILES:KMX-21A2 Kestros_1:1:YF-109 Rapier II
[BDArmory.BDACompetitionMode:190866614]: WHOPARTSHITWHOWITHMISSILES:YF-109 Rapier II_1:110:KMX-21A2 Kestros
[BDArmory.BDACompetitionMode:190866614]: WHOPARTSHITWHOWITHMISSILES:KMX-21A2 Kestros:67:YF-109 Rapier II
[BDArmory.BDACompetitionMode:190866614]: WHOPARTSHITWHOWITHMISSILES:KMX-21A2 Kestros_1:66:YF-109 Rapier II
[BDArmory.BDACompetitionMode:190866614]: WHODAMAGEDWHOWITHMISSILES:YF-109 Rapier II_1:25963.2:KMX-21A2 Kestros
[BDArmory.BDACompetitionMode:190866614]: WHODAMAGEDWHOWITHMISSILES:KMX-21A2 Kestros:30258.2:YF-109 Rapier II
[BDArmory.BDACompetitionMode:190866614]: WHODAMAGEDWHOWITHMISSILES:KMX-21A2 Kestros_1:21422.6:YF-109 Rapier II
[BDArmory.BDACompetitionMode:190866614]: WHODAMAGEDWHOWITHBATTLEDAMAGE:YF-109 Rapier II:296.0:KMX-21A2 Kestros_2
[BDArmory.BDACompetitionMode:190866614]: WHODAMAGEDWHOWITHBATTLEDAMAGE:YF-109 Rapier II_1:842.4:KMX-21A2 Kestros
[BDArmory.BDACompetitionMode:190866614]: WHODAMAGEDWHOWITHBATTLEDAMAGE:YF-109 Rapier II_2:507.6:KMX-21A2 Kestros_2
[BDArmory.BDACompetitionMode:190866614]: WHODAMAGEDWHOWITHBATTLEDAMAGE:KMX-21A2 Kestros_1:13.6:YF-109 Rapier II:3327.4:KMX-21A2 Kestros_1
[BDArmory.BDACompetitionMode:190866614]: GMKILL:KMX-21A2 Kestros:GM
[BDArmory.BDACompetitionMode:190866614]: GMKILL:KMX-21A2 Kestros_1:GM
[BDArmory.BDACompetitionMode:190866614]: HPLEFT:YF-109 Rapier II:0
[BDArmory.BDACompetitionMode:190866614]: HPLEFT:YF-109 Rapier II_1:0
[BDArmory.BDACompetitionMode:190866614]: HPLEFT:YF-109 Rapier II_2:0
[BDArmory.BDACompetitionMode:190866614]: HPLEFT:KMX-21A2 Kestros:0
[BDArmory.BDACompetitionMode:190866614]: HPLEFT:KMX-21A2 Kestros_1:0
[BDArmory.BDACompetitionMode:190866614]: HPLEFT:KMX-21A2 Kestros_2:100
[BDArmory.BDACompetitionMode:190866614]: ACCURACY:YF-109 Rapier II:2/4:0/0
[BDArmory.BDACompetitionMode:190866614]: ACCURACY:YF-109 Rapier II_1:0/0:0/0
[BDArmory.BDACompetitionMode:190866614]: ACCURACY:YF-109 Rapier II_2:0/0:0/0
[BDArmory.BDACompetitionMode:190866614]: ACCURACY:KMX-21A2 Kestros:40/95:0/0
[BDArmory.BDACompetitionMode:190866614]: ACCURACY:KMX-21A2 Kestros_1:0/0:0/0
[BDArmory.BDACompetitionMode:190866614]: ACCURACY:KMX-21A2 Kestros_2:29/111:0/0
