[BDArmory.BDACompetitionMode:187146277]: Dumping Results after 110s (of 0s) at 2025-12-06 01:10:51 -05:00
[BDArmory.BDACompetitionMode:187146277]: RESULT:Win:{"team": "Team A", "members": ["This isn't Ground RB", "This isn't Ground RB_1", "This isn't Ground RB_2"]}
[BDArmory.BDACompetitionMode:187146277]: DEADTEAMS:[{"team": "Team B", "members": ["MRJ-Vehicles Flying Totoya b8", "MRJ-Vehicles Flying Totoya b8_1", "MRJ-Vehicles Flying Totoya b8_2"]}]
[BDArmory.BDACompetitionMode:187146277]: ALIVE:This isn't Ground RB
[BDArmory.BDACompetitionMode:187146277]: ALIVE:This isn't Ground RB_1
[BDArmory.BDACompetitionMode:187146277]: ALIVE:This isn't Ground RB_2
[BDArmory.BDACompetitionMode:187146277]: DEAD:1:95.0:MRJ-Vehicles Flying Totoya b8
[BDArmory.BDACompetitionMode:187146277]: DEAD:2:104.0:MRJ-Vehicles Flying Totoya b8_1
[BDArmory.BDACompetitionMode:187146277]: DEAD:0:55.0:MRJ-Vehicles Flying Totoya b8_2
[BDArmory.BDACompetitionMode:187146277]: WHOSHOTWHOWITHGUNS:MRJ-Vehicles Flying Totoya b8:14:This isn't Ground RB
[BDArmory.BDACompetitionMode:187146277]: WHOSHOTWHOWITHGUNS:MRJ-Vehicles Flying Totoya b8_1:4:This isn't Ground RB_1
[BDArmory.BDACompetitionMode:187146277]: WHODAMAGEDWHOWITHGUNS:MRJ-Vehicles Flying Totoya b8:6809.6:This isn't Ground RB
[BDArmory.BDACompetitionMode:187146277]: WHODAMAGEDWHOWITHGUNS:MRJ-Vehicles Flying Totoya b8_1:2409.8:This isn't Ground RB_1
[BDArmory.BDACompetitionMode:187146277]: WHOHITWHOWITHMISSILES:This isn't Ground RB_2:1:MRJ-Vehicles Flying Totoya b8_1
[BDArmory.BDACompetitionMode:187146277]: WHOHITWHOWITHMISSILES:MRJ-Vehicles Flying Totoya b8:1:This isn't Ground RB
[BDArmory.BDACompetitionMode:187146277]: WHOHITWHOWITHMISSILES:MRJ-Vehicles Flying Totoya b8_1:1:This isn't Ground RB_2
[BDArmory.BDACompetitionMode:187146277]: WHOHITWHOWITHMISSILES:MRJ-Vehicles Flying Totoya b8_2:1:This isn't Ground RB_2:1:This isn't Ground RB
[BDArmory.BDACompetitionMode:187146277]: WHOPARTSHITWHOWITHMISSILES:This isn't Ground RB_2:101:MRJ-Vehicles Flying Totoya b8_1
[BDArmory.BDACompetitionMode:187146277]: WHOPARTSHITWHOWITHMISSILES:MRJ-Vehicles Flying Totoya b8:101:This isn't Ground RB
[BDArmory.BDACompetitionMode:187146277]: WHOPARTSHITWHOWITHMISSILES:MRJ-Vehicles Flying Totoya b8_1:84:This isn't Ground RB_2
[BDArmory.BDACompetitionMode:187146277]: WHOPARTSHITWHOWITHMISSILES:MRJ-Vehicles Flying Totoya b8_2:102:This isn't Ground RB_2:92:This isn't Ground RB
[BDArmory.BDACompetitionMode:187146277]: WHODAMAGEDWHOWITHMISSILES:MRJ-Vehicles Flying Totoya b8:4044.7:This isn't Ground RB
[BDArmory.BDACompetitionMode:187146277]: WHODAMAGEDWHOWITHMISSILES:MRJ-Vehicles Flying Totoya b8_2:33232.8:This isn't Ground RB
[BDArmory.BDACompetitionMode:187146277]: WHODAMAGEDWHOWITHBATTLEDAMAGE:MRJ-Vehicles Flying Totoya b8:242.0:This isn't Ground RB:1553.1:MRJ-Vehicles Flying Totoya b8
[BDArmory.BDACompetitionMode:187146277]: WHODAMAGEDWHOWITHBATTLEDAMAGE:MRJ-Vehicles Flying Totoya b8_1:128.0:This isn't Ground RB_1:1113.9:MRJ-Vehicles Flying Totoya b8_1
[BDArmory.BDACompetitionMode:187146277]: HPLEFT:This isn't Ground RB:100
[BDArmory.BDACompetitionMode:187146277]: HPLEFT:This isn't Ground RB_1:100
[BDArmory.BDACompetitionMode:187146277]: HPLEFT:This isn't Ground RB_2:100
[BDArmory.BDACompetitionMode:187146277]: HPLEFT:MRJ-Vehicles Flying Totoya b8:0
[BDArmory.BDACompetitionMode:187146277]: HPLEFT:MRJ-Vehicles Flying Totoya b8_1:0
[BDArmory.BDACompetitionMode:187146277]: HPLEFT:MRJ-Vehicles Flying Totoya b8_2:0
[BDArmory.BDACompetitionMode:187146277]: ACCURACY:This isn't Ground RB:14/116:0/0
[BDArmory.BDACompetitionMode:187146277]: ACCURACY:This isn't Ground RB_1:4/132:0/0
[BDArmory.BDACompetitionMode:187146277]: ACCURACY:This isn't Ground RB_2:0/173:0/0
[BDArmory.BDACompetitionMode:187146277]: ACCURACY:MRJ-Vehicles Flying Totoya b8:0/0:0/0
[BDArmory.BDACompetitionMode:187146277]: ACCURACY:MRJ-Vehicles Flying Totoya b8_1:0/0:0/0
[BDArmory.BDACompetitionMode:187146277]: ACCURACY:MRJ-Vehicles Flying Totoya b8_2:0/0:0/0
