[BDArmory.BDACompetitionMode:190863748]: Dumping Results after 125s (of 0s) at 2026-01-18 01:47:36 -05:00
[BDArmory.BDACompetitionMode:190863748]: RESULT:Win:{"team": "Team B", "members": ["Balalaika (Early) 2", "Balalaika (Early) 2_1", "Balalaika (Early) 2_2"]}
[BDArmory.BDACompetitionMode:190863748]: DEADTEAMS:[{"team": "Team A", "members": ["YF-109 Rapier II", "YF-109 Rapier II_1", "YF-109 Rapier II_2"]}]
[BDArmory.BDACompetitionMode:190863748]: ALIVE:Balalaika (Early) 2
[BDArmory.BDACompetitionMode:190863748]: ALIVE:Balalaika (Early) 2_1
[BDArmory.BDACompetitionMode:190863748]: ALIVE:Balalaika (Early) 2_2
[BDArmory.BDACompetitionMode:190863748]: DEAD:0:112.0:YF-109 Rapier II
[BDArmory.BDACompetitionMode:190863748]: DEAD:2:118.0:YF-109 Rapier II_1
[BDArmory.BDACompetitionMode:190863748]: DEAD:1:117.0:YF-109 Rapier II_2
[BDArmory.BDACompetitionMode:190863748]: WHOSHOTWHOWITHGUNS:YF-109 Rapier II:37:Balalaika (Early) 2_1
[BDArmory.BDACompetitionMode:190863748]: WHOSHOTWHOWITHGUNS:YF-109 Rapier II_1:13:Balalaika (Early) 2_1
[BDArmory.BDACompetitionMode:190863748]: WHOSHOTWHOWITHGUNS:YF-109 Rapier II_2:44:Balalaika (Early) 2_2
[BDArmory.BDACompetitionMode:190863748]: WHODAMAGEDWHOWITHGUNS:YF-109 Rapier II:13210.8:Balalaika (Early) 2_1
[BDArmory.BDACompetitionMode:190863748]: WHODAMAGEDWHOWITHGUNS:YF-109 Rapier II_1:4865.8:Balalaika (Early) 2_1
[BDArmory.BDACompetitionMode:190863748]: WHODAMAGEDWHOWITHGUNS:YF-109 Rapier II_2:15289.9:Balalaika (Early) 2_2
[BDArmory.BDACompetitionMode:190863748]: WHOHITWHOWITHMISSILES:YF-109 Rapier II:1:Balalaika (Early) 2_1
[BDArmory.BDACompetitionMode:190863748]: WHOPARTSHITWHOWITHMISSILES:YF-109 Rapier II:49:Balalaika (Early) 2_1
[BDArmory.BDACompetitionMode:190863748]: WHODAMAGEDWHOWITHMISSILES:YF-109 Rapier II:28420.2:Balalaika (Early) 2_1
[BDArmory.BDACompetitionMode:190863748]: WHODAMAGEDWHOWITHBATTLEDAMAGE:YF-109 Rapier II:57.6:Balalaika (Early) 2_1
[BDArmory.BDACompetitionMode:190863748]: WHODAMAGEDWHOWITHBATTLEDAMAGE:YF-109 Rapier II_1:535.6:Balalaika (Early) 2_1
[BDArmory.BDACompetitionMode:190863748]: WHODAMAGEDWHOWITHBATTLEDAMAGE:YF-109 Rapier II_2:692.4:Balalaika (Early) 2_2
[BDArmory.BDACompetitionMode:190863748]: GMKILL:YF-109 Rapier II_1:LandedTooLong
[BDArmory.BDACompetitionMode:190863748]: HPLEFT:Balalaika (Early) 2:100
[BDArmory.BDACompetitionMode:190863748]: HPLEFT:Balalaika (Early) 2_1:100
[BDArmory.BDACompetitionMode:190863748]: HPLEFT:Balalaika (Early) 2_2:100
[BDArmory.BDACompetitionMode:190863748]: HPLEFT:YF-109 Rapier II:0
[BDArmory.BDACompetitionMode:190863748]: HPLEFT:YF-109 Rapier II_1:0
[BDArmory.BDACompetitionMode:190863748]: HPLEFT:YF-109 Rapier II_2:0
[BDArmory.BDACompetitionMode:190863748]: ACCURACY:Balalaika (Early) 2:0/0:0/0
[BDArmory.BDACompetitionMode:190863748]: ACCURACY:Balalaika (Early) 2_1:50/81:0/0
[BDArmory.BDACompetitionMode:190863748]: ACCURACY:Balalaika (Early) 2_2:44/75:0/0
[BDArmory.BDACompetitionMode:190863748]: ACCURACY:YF-109 Rapier II:0/0:0/0
[BDArmory.BDACompetitionMode:190863748]: ACCURACY:YF-109 Rapier II_1:0/0:0/0
[BDArmory.BDACompetitionMode:190863748]: ACCURACY:YF-109 Rapier II_2:0/0:0/0
