[BDArmory.BDACompetitionMode:179293376]: Dumping Results after 180s (of 0s) at 2025-09-06 03:48:36 -04:00
[BDArmory.BDACompetitionMode:179293376]: RESULT:Win:{"team": "team bingus", "members": ["Lima interceptor d", "Lima interceptor d_1", "Lima interceptor d_2"]}
[BDArmory.BDACompetitionMode:179293376]: DEADTEAMS:[{"team": "team floppa", "members": ["Pirouette", "Pirouette_1", "Pirouette_2"]}]
[BDArmory.BDACompetitionMode:179293376]: ALIVE:Lima interceptor d
[BDArmory.BDACompetitionMode:179293376]: ALIVE:Lima interceptor d_1
[BDArmory.BDACompetitionMode:179293376]: DEAD:0:102.0:Lima interceptor d_2
[BDArmory.BDACompetitionMode:179293376]: DEAD:3:175.0:Pirouette
[BDArmory.BDACompetitionMode:179293376]: DEAD:2:126.0:Pirouette_1
[BDArmory.BDACompetitionMode:179293376]: DEAD:1:103.0:Pirouette_2
[BDArmory.BDACompetitionMode:179293376]: WHOSHOTWHOWITHGUNS:Lima interceptor d_2:62:Pirouette_2
[BDArmory.BDACompetitionMode:179293376]: WHOSHOTWHOWITHGUNS:Pirouette:6:Lima interceptor d
[BDArmory.BDACompetitionMode:179293376]: WHOSHOTWHOWITHGUNS:Pirouette_1:74:Lima interceptor d_1:38:Lima interceptor d
[BDArmory.BDACompetitionMode:179293376]: WHOSHOTWHOWITHGUNS:Pirouette_2:5:Lima interceptor d_1
[BDArmory.BDACompetitionMode:179293376]: WHODAMAGEDWHOWITHGUNS:Lima interceptor d_2:7777.2:Pirouette_2
[BDArmory.BDACompetitionMode:179293376]: WHODAMAGEDWHOWITHGUNS:Pirouette:441.4:Lima interceptor d
[BDArmory.BDACompetitionMode:179293376]: WHODAMAGEDWHOWITHGUNS:Pirouette_1:5716.7:Lima interceptor d_1:2658.5:Lima interceptor d
[BDArmory.BDACompetitionMode:179293376]: WHODAMAGEDWHOWITHGUNS:Pirouette_2:425.9:Lima interceptor d_1
[BDArmory.BDACompetitionMode:179293376]: WHOHITWHOWITHMISSILES:Lima interceptor d_2:1:Pirouette:1:Pirouette_2
[BDArmory.BDACompetitionMode:179293376]: WHOHITWHOWITHMISSILES:Pirouette:2:Lima interceptor d:1:Lima interceptor d_1
[BDArmory.BDACompetitionMode:179293376]: WHOPARTSHITWHOWITHMISSILES:Lima interceptor d_2:90:Pirouette:67:Pirouette_2
[BDArmory.BDACompetitionMode:179293376]: WHOPARTSHITWHOWITHMISSILES:Pirouette:92:Lima interceptor d:2:Lima interceptor d_1
[BDArmory.BDACompetitionMode:179293376]: WHODAMAGEDWHOWITHMISSILES:Lima interceptor d_2:20517.4:Pirouette:37068.8:Pirouette_2
[BDArmory.BDACompetitionMode:179293376]: WHODAMAGEDWHOWITHMISSILES:Pirouette:63055.3:Lima interceptor d:5059.6:Lima interceptor d_1
[BDArmory.BDACompetitionMode:179293376]: WHODAMAGEDWHOWITHBATTLEDAMAGE:Lima interceptor d_2:0.8:Pirouette:145.6:Pirouette_2:13497.2:Lima interceptor d_2
[BDArmory.BDACompetitionMode:179293376]: WHODAMAGEDWHOWITHBATTLEDAMAGE:Pirouette:0.4:Lima interceptor d
[BDArmory.BDACompetitionMode:179293376]: WHODAMAGEDWHOWITHBATTLEDAMAGE:Pirouette_1:532.8:Lima interceptor d_1:33.6:Lima interceptor d
[BDArmory.BDACompetitionMode:179293376]: HEADSHOTGUNS:Lima interceptor d_2:Pirouette_2
[BDArmory.BDACompetitionMode:179293376]: KILLSTEALMISSILES:Pirouette:Lima interceptor d_1
[BDArmory.BDACompetitionMode:179293376]: HEADSHOTGUNS:Pirouette_1:Lima interceptor d
[BDArmory.BDACompetitionMode:179293376]: HPLEFT:Lima interceptor d:100
[BDArmory.BDACompetitionMode:179293376]: HPLEFT:Lima interceptor d_1:100
[BDArmory.BDACompetitionMode:179293376]: HPLEFT:Lima interceptor d_2:0
[BDArmory.BDACompetitionMode:179293376]: HPLEFT:Pirouette:0
[BDArmory.BDACompetitionMode:179293376]: HPLEFT:Pirouette_1:0
[BDArmory.BDACompetitionMode:179293376]: HPLEFT:Pirouette_2:0
[BDArmory.BDACompetitionMode:179293376]: ACCURACY:Lima interceptor d:44/411:0/0
[BDArmory.BDACompetitionMode:179293376]: ACCURACY:Lima interceptor d_1:79/694:0/0
[BDArmory.BDACompetitionMode:179293376]: ACCURACY:Lima interceptor d_2:0/0:0/0
[BDArmory.BDACompetitionMode:179293376]: ACCURACY:Pirouette:0/0:0/0
[BDArmory.BDACompetitionMode:179293376]: ACCURACY:Pirouette_1:0/10:0/0
[BDArmory.BDACompetitionMode:179293376]: ACCURACY:Pirouette_2:62/92:0/0
