[BDArmory.BDACompetitionMode:187145392]: Dumping Results after 153s (of 0s) at 2025-12-06 00:55:37 -05:00
[BDArmory.BDACompetitionMode:187145392]: RESULT:Win:{"team": "Team B", "members": ["YF-18E Super Hornet", "YF-18E Super Hornet_1", "YF-18E Super Hornet_2"]}
[BDArmory.BDACompetitionMode:187145392]: DEADTEAMS:[{"team": "Team A", "members": ["FF-213C-8A Starlance", "FF-213C-8A Starlance_1", "FF-213C-8A Starlance_2"]}]
[BDArmory.BDACompetitionMode:187145392]: ALIVE:YF-18E Super Hornet
[BDArmory.BDACompetitionMode:187145392]: ALIVE:YF-18E Super Hornet_1
[BDArmory.BDACompetitionMode:187145392]: DEAD:2:142.0:FF-213C-8A Starlance
[BDArmory.BDACompetitionMode:187145392]: DEAD:1:127.4:FF-213C-8A Starlance_1
[BDArmory.BDACompetitionMode:187145392]: DEAD:3:146.0:FF-213C-8A Starlance_2
[BDArmory.BDACompetitionMode:187145392]: DEAD:0:113.0:YF-18E Super Hornet_2
[BDArmory.BDACompetitionMode:187145392]: WHOSHOTWHOWITHGUNS:FF-213C-8A Starlance:23:YF-18E Super Hornet_1:34:YF-18E Super Hornet
[BDArmory.BDACompetitionMode:187145392]: WHOSHOTWHOWITHGUNS:FF-213C-8A Starlance_2:7:YF-18E Super Hornet:1:YF-18E Super Hornet_1
[BDArmory.BDACompetitionMode:187145392]: WHOSHOTWHOWITHGUNS:YF-18E Super Hornet_2:6:FF-213C-8A Starlance
[BDArmory.BDACompetitionMode:187145392]: WHODAMAGEDWHOWITHGUNS:FF-213C-8A Starlance:2236.0:YF-18E Super Hornet_1:3644.7:YF-18E Super Hornet
[BDArmory.BDACompetitionMode:187145392]: WHODAMAGEDWHOWITHGUNS:FF-213C-8A Starlance_2:766.4:YF-18E Super Hornet:152.7:YF-18E Super Hornet_1
[BDArmory.BDACompetitionMode:187145392]: WHODAMAGEDWHOWITHGUNS:YF-18E Super Hornet_2:677.8:FF-213C-8A Starlance
[BDArmory.BDACompetitionMode:187145392]: WHOHITWHOWITHMISSILES:FF-213C-8A Starlance_1:1:YF-18E Super Hornet
[BDArmory.BDACompetitionMode:187145392]: WHOHITWHOWITHMISSILES:YF-18E Super Hornet:1:FF-213C-8A Starlance_1
[BDArmory.BDACompetitionMode:187145392]: WHOPARTSHITWHOWITHMISSILES:FF-213C-8A Starlance_1:69:YF-18E Super Hornet
[BDArmory.BDACompetitionMode:187145392]: WHOPARTSHITWHOWITHMISSILES:YF-18E Super Hornet:117:FF-213C-8A Starlance_1
[BDArmory.BDACompetitionMode:187145392]: WHODAMAGEDWHOWITHMISSILES:FF-213C-8A Starlance_1:65487.0:YF-18E Super Hornet
[BDArmory.BDACompetitionMode:187145392]: WHODAMAGEDWHOWITHBATTLEDAMAGE:FF-213C-8A Starlance:334.4:YF-18E Super Hornet_1:6.8:YF-18E Super Hornet
[BDArmory.BDACompetitionMode:187145392]: WHODAMAGEDWHOWITHBATTLEDAMAGE:FF-213C-8A Starlance_2:52.4:YF-18E Super Hornet
[BDArmory.BDACompetitionMode:187145392]: WHODAMAGEDWHOWITHBATTLEDAMAGE:YF-18E Super Hornet_2:110.4:FF-213C-8A Starlance
[BDArmory.BDACompetitionMode:187145392]: GMKILL:FF-213C-8A Starlance:LandedTooLong
[BDArmory.BDACompetitionMode:187145392]: GMKILL:FF-213C-8A Starlance_1:GM
[BDArmory.BDACompetitionMode:187145392]: GMKILL:FF-213C-8A Starlance_2:LandedTooLong
[BDArmory.BDACompetitionMode:187145392]: CLEANKILLGUNS:YF-18E Super Hornet_2:FF-213C-8A Starlance
[BDArmory.BDACompetitionMode:187145392]: HPLEFT:FF-213C-8A Starlance:0
[BDArmory.BDACompetitionMode:187145392]: HPLEFT:FF-213C-8A Starlance_1:0
[BDArmory.BDACompetitionMode:187145392]: HPLEFT:FF-213C-8A Starlance_2:0
[BDArmory.BDACompetitionMode:187145392]: HPLEFT:YF-18E Super Hornet:89.8203592814371
[BDArmory.BDACompetitionMode:187145392]: HPLEFT:YF-18E Super Hornet_1:89.8203592814371
[BDArmory.BDACompetitionMode:187145392]: HPLEFT:YF-18E Super Hornet_2:0
[BDArmory.BDACompetitionMode:187145392]: ACCURACY:FF-213C-8A Starlance:6/210:0/0
[BDArmory.BDACompetitionMode:187145392]: ACCURACY:FF-213C-8A Starlance_1:0/0:0/0
[BDArmory.BDACompetitionMode:187145392]: ACCURACY:FF-213C-8A Starlance_2:0/5:0/0
[BDArmory.BDACompetitionMode:187145392]: ACCURACY:YF-18E Super Hornet:41/130:0/0
[BDArmory.BDACompetitionMode:187145392]: ACCURACY:YF-18E Super Hornet_1:24/102:0/0
[BDArmory.BDACompetitionMode:187145392]: ACCURACY:YF-18E Super Hornet_2:0/0:0/0
