[BDArmory.BDACompetitionMode:190866296]: Dumping Results after 121s (of 0s) at 2026-01-18 02:28:38 -05:00
[BDArmory.BDACompetitionMode:190866296]: RESULT:Win:{"team": "Team A", "members": ["YF-109 Rapier II", "YF-109 Rapier II_1", "YF-109 Rapier II_2"]}
[BDArmory.BDACompetitionMode:190866296]: DEADTEAMS:[{"team": "Team B", "members": ["KMX-21A2 Kestros", "KMX-21A2 Kestros_1", "KMX-21A2 Kestros_2"]}]
[BDArmory.BDACompetitionMode:190866296]: ALIVE:YF-109 Rapier II_1
[BDArmory.BDACompetitionMode:190866296]: ALIVE:YF-109 Rapier II_2
[BDArmory.BDACompetitionMode:190866296]: DEAD:3:114.3:KMX-21A2 Kestros
[BDArmory.BDACompetitionMode:190866296]: DEAD:1:110.0:KMX-21A2 Kestros_1
[BDArmory.BDACompetitionMode:190866296]: DEAD:0:92.0:KMX-21A2 Kestros_2
[BDArmory.BDACompetitionMode:190866296]: DEAD:2:110.0:YF-109 Rapier II
[BDArmory.BDACompetitionMode:190866296]: WHOSHOTWHOWITHGUNS:KMX-21A2 Kestros_1:3:YF-109 Rapier II_2
[BDArmory.BDACompetitionMode:190866296]: WHOSHOTWHOWITHGUNS:KMX-21A2 Kestros_2:11:YF-109 Rapier II_1
[BDArmory.BDACompetitionMode:190866296]: WHOSHOTWHOWITHGUNS:YF-109 Rapier II:15:KMX-21A2 Kestros_2
[BDArmory.BDACompetitionMode:190866296]: WHOSHOTWHOWITHGUNS:YF-109 Rapier II_1:1:KMX-21A2 Kestros_1
[BDArmory.BDACompetitionMode:190866296]: WHODAMAGEDWHOWITHGUNS:KMX-21A2 Kestros_1:310.2:YF-109 Rapier II_2
[BDArmory.BDACompetitionMode:190866296]: WHODAMAGEDWHOWITHGUNS:KMX-21A2 Kestros_2:1287.7:YF-109 Rapier II_1
[BDArmory.BDACompetitionMode:190866296]: WHODAMAGEDWHOWITHGUNS:YF-109 Rapier II:3205.2:KMX-21A2 Kestros_2
[BDArmory.BDACompetitionMode:190866296]: WHODAMAGEDWHOWITHGUNS:YF-109 Rapier II_1:195.1:KMX-21A2 Kestros_1
[BDArmory.BDACompetitionMode:190866296]: WHOHITWHOWITHMISSILES:KMX-21A2 Kestros:1:YF-109 Rapier II_1
[BDArmory.BDACompetitionMode:190866296]: WHOHITWHOWITHMISSILES:KMX-21A2 Kestros_1:1:YF-109 Rapier II_2
[BDArmory.BDACompetitionMode:190866296]: WHOPARTSHITWHOWITHMISSILES:KMX-21A2 Kestros:63:YF-109 Rapier II_1
[BDArmory.BDACompetitionMode:190866296]: WHOPARTSHITWHOWITHMISSILES:KMX-21A2 Kestros_1:66:YF-109 Rapier II_2
[BDArmory.BDACompetitionMode:190866296]: WHODAMAGEDWHOWITHMISSILES:KMX-21A2 Kestros:23590.5:YF-109 Rapier II_1
[BDArmory.BDACompetitionMode:190866296]: WHODAMAGEDWHOWITHMISSILES:KMX-21A2 Kestros_1:29655.2:YF-109 Rapier II_2
[BDArmory.BDACompetitionMode:190866296]: WHODAMAGEDWHOWITHBATTLEDAMAGE:KMX-21A2 Kestros:0.8:YF-109 Rapier II_1
[BDArmory.BDACompetitionMode:190866296]: WHODAMAGEDWHOWITHBATTLEDAMAGE:KMX-21A2 Kestros_1:12.8:YF-109 Rapier II_2:4948.3:KMX-21A2 Kestros_1
[BDArmory.BDACompetitionMode:190866296]: WHODAMAGEDWHOWITHBATTLEDAMAGE:KMX-21A2 Kestros_2:399.6:YF-109 Rapier II_1:258.5:KMX-21A2 Kestros_2
[BDArmory.BDACompetitionMode:190866296]: WHODAMAGEDWHOWITHBATTLEDAMAGE:YF-109 Rapier II:482.8:KMX-21A2 Kestros_2
[BDArmory.BDACompetitionMode:190866296]: GMKILL:KMX-21A2 Kestros:GM
[BDArmory.BDACompetitionMode:190866296]: CLEANKILLGUNS:KMX-21A2 Kestros_1:YF-109 Rapier II_2
[BDArmory.BDACompetitionMode:190866296]: CLEANKILLGUNS:KMX-21A2 Kestros_2:YF-109 Rapier II_1
[BDArmory.BDACompetitionMode:190866296]: HPLEFT:KMX-21A2 Kestros:0
[BDArmory.BDACompetitionMode:190866296]: HPLEFT:KMX-21A2 Kestros_1:0
[BDArmory.BDACompetitionMode:190866296]: HPLEFT:KMX-21A2 Kestros_2:0
[BDArmory.BDACompetitionMode:190866296]: HPLEFT:YF-109 Rapier II:0
[BDArmory.BDACompetitionMode:190866296]: HPLEFT:YF-109 Rapier II_1:100
[BDArmory.BDACompetitionMode:190866296]: HPLEFT:YF-109 Rapier II_2:100
[BDArmory.BDACompetitionMode:190866296]: ACCURACY:KMX-21A2 Kestros:0/0:0/0
[BDArmory.BDACompetitionMode:190866296]: ACCURACY:KMX-21A2 Kestros_1:1/7:0/0
[BDArmory.BDACompetitionMode:190866296]: ACCURACY:KMX-21A2 Kestros_2:15/21:0/0
[BDArmory.BDACompetitionMode:190866296]: ACCURACY:YF-109 Rapier II:0/0:0/0
[BDArmory.BDACompetitionMode:190866296]: ACCURACY:YF-109 Rapier II_1:11/161:0/0
[BDArmory.BDACompetitionMode:190866296]: ACCURACY:YF-109 Rapier II_2:3/19:0/0
