[BDArmory.BDACompetitionMode:187144754]: Dumping Results after 118s (of 0s) at 2025-12-06 00:43:33 -05:00
[BDArmory.BDACompetitionMode:187144754]: RESULT:Win:{"team": "Team A", "members": ["KMX-08E3 Sagitta II", "KMX-08E3 Sagitta II_1", "KMX-08E3 Sagitta II_2"]}
[BDArmory.BDACompetitionMode:187144754]: DEADTEAMS:[{"team": "Team B", "members": ["TPKTW XK-16 Osprey 4 120A", "TPKTW XK-16 Osprey 4 120A_1", "TPKTW XK-16 Osprey 4 120A_2"]}]
[BDArmory.BDACompetitionMode:187144754]: ALIVE:KMX-08E3 Sagitta II
[BDArmory.BDACompetitionMode:187144754]: ALIVE:KMX-08E3 Sagitta II_1
[BDArmory.BDACompetitionMode:187144754]: ALIVE:KMX-08E3 Sagitta II_2
[BDArmory.BDACompetitionMode:187144754]: DEAD:2:112.0:TPKTW XK-16 Osprey 4 120A
[BDArmory.BDACompetitionMode:187144754]: DEAD:0:68.0:TPKTW XK-16 Osprey 4 120A_1
[BDArmory.BDACompetitionMode:187144754]: DEAD:1:89.0:TPKTW XK-16 Osprey 4 120A_2
[BDArmory.BDACompetitionMode:187144754]: WHOSHOTWHOWITHGUNS:TPKTW XK-16 Osprey 4 120A:19:KMX-08E3 Sagitta II:1:KMX-08E3 Sagitta II_2
[BDArmory.BDACompetitionMode:187144754]: WHODAMAGEDWHOWITHGUNS:TPKTW XK-16 Osprey 4 120A:5984.1:KMX-08E3 Sagitta II:317.3:KMX-08E3 Sagitta II_2
[BDArmory.BDACompetitionMode:187144754]: WHOHITWHOWITHMISSILES:TPKTW XK-16 Osprey 4 120A_1:1:KMX-08E3 Sagitta II_1
[BDArmory.BDACompetitionMode:187144754]: WHOHITWHOWITHMISSILES:TPKTW XK-16 Osprey 4 120A_2:1:KMX-08E3 Sagitta II:1:KMX-08E3 Sagitta II_1
[BDArmory.BDACompetitionMode:187144754]: WHOPARTSHITWHOWITHMISSILES:TPKTW XK-16 Osprey 4 120A_1:56:KMX-08E3 Sagitta II_1
[BDArmory.BDACompetitionMode:187144754]: WHOPARTSHITWHOWITHMISSILES:TPKTW XK-16 Osprey 4 120A_2:44:KMX-08E3 Sagitta II:51:KMX-08E3 Sagitta II_1
[BDArmory.BDACompetitionMode:187144754]: WHODAMAGEDWHOWITHMISSILES:TPKTW XK-16 Osprey 4 120A_1:21563.1:KMX-08E3 Sagitta II_1
[BDArmory.BDACompetitionMode:187144754]: WHODAMAGEDWHOWITHMISSILES:TPKTW XK-16 Osprey 4 120A_2:9310.8:KMX-08E3 Sagitta II_1
[BDArmory.BDACompetitionMode:187144754]: WHODAMAGEDWHOWITHBATTLEDAMAGE:TPKTW XK-16 Osprey 4 120A:50.4:KMX-08E3 Sagitta II
[BDArmory.BDACompetitionMode:187144754]: GMKILL:TPKTW XK-16 Osprey 4 120A_1:LandedTooLong
[BDArmory.BDACompetitionMode:187144754]: GMKILL:TPKTW XK-16 Osprey 4 120A_2:LandedTooLong
[BDArmory.BDACompetitionMode:187144754]: KILLSTEALGUNS:TPKTW XK-16 Osprey 4 120A:KMX-08E3 Sagitta II_2
[BDArmory.BDACompetitionMode:187144754]: HPLEFT:TPKTW XK-16 Osprey 4 120A:0
[BDArmory.BDACompetitionMode:187144754]: HPLEFT:TPKTW XK-16 Osprey 4 120A_1:0
[BDArmory.BDACompetitionMode:187144754]: HPLEFT:TPKTW XK-16 Osprey 4 120A_2:0
[BDArmory.BDACompetitionMode:187144754]: HPLEFT:KMX-08E3 Sagitta II:100
[BDArmory.BDACompetitionMode:187144754]: HPLEFT:KMX-08E3 Sagitta II_1:100
[BDArmory.BDACompetitionMode:187144754]: HPLEFT:KMX-08E3 Sagitta II_2:100
[BDArmory.BDACompetitionMode:187144754]: ACCURACY:TPKTW XK-16 Osprey 4 120A:0/0:0/0
[BDArmory.BDACompetitionMode:187144754]: ACCURACY:TPKTW XK-16 Osprey 4 120A_1:0/0:0/0
[BDArmory.BDACompetitionMode:187144754]: ACCURACY:TPKTW XK-16 Osprey 4 120A_2:0/0:0/0
[BDArmory.BDACompetitionMode:187144754]: ACCURACY:KMX-08E3 Sagitta II:19/42:0/0
[BDArmory.BDACompetitionMode:187144754]: ACCURACY:KMX-08E3 Sagitta II_1:0/0:0/0
[BDArmory.BDACompetitionMode:187144754]: ACCURACY:KMX-08E3 Sagitta II_2:1/20:0/0
