[BDArmory.BDACompetitionMode:179293817]: Dumping Results after 178s (of 0s) at 2025-09-06 03:57:24 -04:00
[BDArmory.BDACompetitionMode:179293817]: RESULT:Win:{"team": "team bingus", "members": ["MF-X-215e6", "MF-X-215e6_1", "MF-X-215e6_2"]}
[BDArmory.BDACompetitionMode:179293817]: DEADTEAMS:[{"team": "team floppa", "members": ["FE-215K-100b2 Aquila -119-", "FE-215K-100b2 Aquila -119-_1", "FE-215K-100b2 Aquila -119-_2"]}]
[BDArmory.BDACompetitionMode:179293817]: ALIVE:MF-X-215e6
[BDArmory.BDACompetitionMode:179293817]: ALIVE:MF-X-215e6_1
[BDArmory.BDACompetitionMode:179293817]: ALIVE:MF-X-215e6_2
[BDArmory.BDACompetitionMode:179293817]: DEAD:1:157.0:FE-215K-100b2 Aquila -119-
[BDArmory.BDACompetitionMode:179293817]: DEAD:0:69.2:FE-215K-100b2 Aquila -119-_1
[BDArmory.BDACompetitionMode:179293817]: DEAD:2:173.0:FE-215K-100b2 Aquila -119-_2
[BDArmory.BDACompetitionMode:179293817]: WHOSHOTWHOWITHGUNS:FE-215K-100b2 Aquila -119-:17:MF-X-215e6_1
[BDArmory.BDACompetitionMode:179293817]: WHOSHOTWHOWITHGUNS:FE-215K-100b2 Aquila -119-_1:20:MF-X-215e6_2:42:MF-X-215e6_1:48:MF-X-215e6
[BDArmory.BDACompetitionMode:179293817]: WHOSHOTWHOWITHGUNS:FE-215K-100b2 Aquila -119-_2:54:MF-X-215e6_2:76:MF-X-215e6
[BDArmory.BDACompetitionMode:179293817]: WHOSHOTWHOWITHGUNS:MF-X-215e6_2:33:FE-215K-100b2 Aquila -119-_2:13:FE-215K-100b2 Aquila -119-
[BDArmory.BDACompetitionMode:179293817]: WHODAMAGEDWHOWITHGUNS:FE-215K-100b2 Aquila -119-:2367.3:MF-X-215e6_1
[BDArmory.BDACompetitionMode:179293817]: WHODAMAGEDWHOWITHGUNS:FE-215K-100b2 Aquila -119-_1:3811.2:MF-X-215e6_2:6444.1:MF-X-215e6_1:5827.0:MF-X-215e6
[BDArmory.BDACompetitionMode:179293817]: WHODAMAGEDWHOWITHGUNS:FE-215K-100b2 Aquila -119-_2:8429.8:MF-X-215e6_2:9569.0:MF-X-215e6
[BDArmory.BDACompetitionMode:179293817]: WHODAMAGEDWHOWITHGUNS:MF-X-215e6_2:5934.1:FE-215K-100b2 Aquila -119-_2:2239.9:FE-215K-100b2 Aquila -119-
[BDArmory.BDACompetitionMode:179293817]: WHOHITWHOWITHMISSILES:MF-X-215e6_2:1:FE-215K-100b2 Aquila -119-
[BDArmory.BDACompetitionMode:179293817]: WHOPARTSHITWHOWITHMISSILES:MF-X-215e6_2:92:FE-215K-100b2 Aquila -119-
[BDArmory.BDACompetitionMode:179293817]: WHODAMAGEDWHOWITHBATTLEDAMAGE:FE-215K-100b2 Aquila -119-:558.8:MF-X-215e6_1
[BDArmory.BDACompetitionMode:179293817]: WHODAMAGEDWHOWITHBATTLEDAMAGE:FE-215K-100b2 Aquila -119-_1:216.0:MF-X-215e6_1:92.4:MF-X-215e6_2:817.6:MF-X-215e6:2430.6:FE-215K-100b2 Aquila -119-_1
[BDArmory.BDACompetitionMode:179293817]: WHODAMAGEDWHOWITHBATTLEDAMAGE:FE-215K-100b2 Aquila -119-_2:714.8:MF-X-215e6_2:1337.4:FE-215K-100b2 Aquila -119-_2:671.6:MF-X-215e6
[BDArmory.BDACompetitionMode:179293817]: WHODAMAGEDWHOWITHBATTLEDAMAGE:MF-X-215e6_2:284.0:FE-215K-100b2 Aquila -119-_2:9.2:FE-215K-100b2 Aquila -119-
[BDArmory.BDACompetitionMode:179293817]: GMKILL:FE-215K-100b2 Aquila -119-_1:GM
[BDArmory.BDACompetitionMode:179293817]: HPLEFT:FE-215K-100b2 Aquila -119-:0
[BDArmory.BDACompetitionMode:179293817]: HPLEFT:FE-215K-100b2 Aquila -119-_1:0
[BDArmory.BDACompetitionMode:179293817]: HPLEFT:FE-215K-100b2 Aquila -119-_2:0
[BDArmory.BDACompetitionMode:179293817]: HPLEFT:MF-X-215e6:100
[BDArmory.BDACompetitionMode:179293817]: HPLEFT:MF-X-215e6_1:100
[BDArmory.BDACompetitionMode:179293817]: HPLEFT:MF-X-215e6_2:68.7116564417178
[BDArmory.BDACompetitionMode:179293817]: ACCURACY:FE-215K-100b2 Aquila -119-:13/227:0/0
[BDArmory.BDACompetitionMode:179293817]: ACCURACY:FE-215K-100b2 Aquila -119-_1:0/0:0/0
[BDArmory.BDACompetitionMode:179293817]: ACCURACY:FE-215K-100b2 Aquila -119-_2:33/325:0/0
[BDArmory.BDACompetitionMode:179293817]: ACCURACY:MF-X-215e6:124/360:0/0
[BDArmory.BDACompetitionMode:179293817]: ACCURACY:MF-X-215e6_1:59/169:0/0
[BDArmory.BDACompetitionMode:179293817]: ACCURACY:MF-X-215e6_2:74/129:0/0
