[BDArmory.BDACompetitionMode:179295143]: Dumping Results after 97s (of 0s) at 2025-09-06 04:15:00 -04:00
[BDArmory.BDACompetitionMode:179295143]: RESULT:Win:{"team": "team floppa", "members": ["FF-218C-5 Wasp (1990)", "FF-218C-5 Wasp (1990)_1", "FF-218C-5 Wasp (1990)_2"]}
[BDArmory.BDACompetitionMode:179295143]: DEADTEAMS:[{"team": "team bingus", "members": ["Pirouette", "Pirouette_1", "Pirouette_2"]}]
[BDArmory.BDACompetitionMode:179295143]: ALIVE:FF-218C-5 Wasp (1990)
[BDArmory.BDACompetitionMode:179295143]: ALIVE:FF-218C-5 Wasp (1990)_2
[BDArmory.BDACompetitionMode:179295143]: DEAD:0:47.0:Pirouette
[BDArmory.BDACompetitionMode:179295143]: DEAD:3:92.0:Pirouette_1
[BDArmory.BDACompetitionMode:179295143]: DEAD:1:77.0:Pirouette_2
[BDArmory.BDACompetitionMode:179295143]: DEAD:2:81.0:FF-218C-5 Wasp (1990)_1
[BDArmory.BDACompetitionMode:179295143]: WHOSHOTWHOWITHGUNS:Pirouette_1:34:FF-218C-5 Wasp (1990)_2
[BDArmory.BDACompetitionMode:179295143]: WHOSHOTWHOWITHGUNS:Pirouette_2:5:FF-218C-5 Wasp (1990)_2:8:FF-218C-5 Wasp (1990)_1
[BDArmory.BDACompetitionMode:179295143]: WHOSHOTWHOWITHGUNS:FF-218C-5 Wasp (1990)_1:38:Pirouette_1
[BDArmory.BDACompetitionMode:179295143]: WHODAMAGEDWHOWITHGUNS:Pirouette_1:5996.3:FF-218C-5 Wasp (1990)_2
[BDArmory.BDACompetitionMode:179295143]: WHODAMAGEDWHOWITHGUNS:Pirouette_2:1292.5:FF-218C-5 Wasp (1990)_2:2541.0:FF-218C-5 Wasp (1990)_1
[BDArmory.BDACompetitionMode:179295143]: WHODAMAGEDWHOWITHGUNS:FF-218C-5 Wasp (1990)_1:5279.3:Pirouette_1
[BDArmory.BDACompetitionMode:179295143]: WHOHITWHOWITHMISSILES:Pirouette_1:1:FF-218C-5 Wasp (1990)_2
[BDArmory.BDACompetitionMode:179295143]: WHOHITWHOWITHMISSILES:Pirouette_2:1:FF-218C-5 Wasp (1990)
[BDArmory.BDACompetitionMode:179295143]: WHOPARTSHITWHOWITHMISSILES:Pirouette_1:66:FF-218C-5 Wasp (1990)_2
[BDArmory.BDACompetitionMode:179295143]: WHOPARTSHITWHOWITHMISSILES:Pirouette_2:25:FF-218C-5 Wasp (1990)
[BDArmory.BDACompetitionMode:179295143]: WHODAMAGEDWHOWITHMISSILES:Pirouette_1:14106.1:FF-218C-5 Wasp (1990)_2
[BDArmory.BDACompetitionMode:179295143]: WHODAMAGEDWHOWITHMISSILES:Pirouette_2:37508.7:FF-218C-5 Wasp (1990)
[BDArmory.BDACompetitionMode:179295143]: WHODAMAGEDWHOWITHBATTLEDAMAGE:Pirouette_1:0.8:FF-218C-5 Wasp (1990)_2
[BDArmory.BDACompetitionMode:179295143]: WHODAMAGEDWHOWITHBATTLEDAMAGE:Pirouette_2:79.2:FF-218C-5 Wasp (1990)_2:268.9:Pirouette_2
[BDArmory.BDACompetitionMode:179295143]: WHODAMAGEDWHOWITHBATTLEDAMAGE:FF-218C-5 Wasp (1990)_1:355.2:Pirouette_1
[BDArmory.BDACompetitionMode:179295143]: CLEANKILLGUNS:Pirouette_1:FF-218C-5 Wasp (1990)_2
[BDArmory.BDACompetitionMode:179295143]: HEADSHOTMISSILES:Pirouette_2:FF-218C-5 Wasp (1990)
[BDArmory.BDACompetitionMode:179295143]: HPLEFT:Pirouette:0
[BDArmory.BDACompetitionMode:179295143]: HPLEFT:Pirouette_1:0
[BDArmory.BDACompetitionMode:179295143]: HPLEFT:Pirouette_2:0
[BDArmory.BDACompetitionMode:179295143]: HPLEFT:FF-218C-5 Wasp (1990):100
[BDArmory.BDACompetitionMode:179295143]: HPLEFT:FF-218C-5 Wasp (1990)_1:0
[BDArmory.BDACompetitionMode:179295143]: HPLEFT:FF-218C-5 Wasp (1990)_2:100
[BDArmory.BDACompetitionMode:179295143]: ACCURACY:Pirouette:0/0:0/0
[BDArmory.BDACompetitionMode:179295143]: ACCURACY:Pirouette_1:38/56:0/0
[BDArmory.BDACompetitionMode:179295143]: ACCURACY:Pirouette_2:0/0:0/0
[BDArmory.BDACompetitionMode:179295143]: ACCURACY:FF-218C-5 Wasp (1990):0/33:0/0
[BDArmory.BDACompetitionMode:179295143]: ACCURACY:FF-218C-5 Wasp (1990)_1:8/39:0/0
[BDArmory.BDACompetitionMode:179295143]: ACCURACY:FF-218C-5 Wasp (1990)_2:39/174:0/0
