[BDArmory.BDACompetitionMode:170034755]: Dumping Results after 122s (of 0s) at 2025-05-21 23:57:33 -04:00
[BDArmory.BDACompetitionMode:170034755]: RESULT:Win:{"team": "TF-67 Auditors", "members": ["MF-2/47 Prosecutor", "ADF-91X Lycoris", "FH-102A Naga"]}
[BDArmory.BDACompetitionMode:170034755]: DEADTEAMS:[{"team": "Kerbelkan Armed Forces", "members": ["Ku-37M", "Ku-37M_1", "Ku-37M_2"]}]
[BDArmory.BDACompetitionMode:170034755]: ALIVE:MF-2/47 Prosecutor
[BDArmory.BDACompetitionMode:170034755]: ALIVE:ADF-91X Lycoris
[BDArmory.BDACompetitionMode:170034755]: ALIVE:FH-102A Naga
[BDArmory.BDACompetitionMode:170034755]: DEAD:1:92.0:Ku-37M
[BDArmory.BDACompetitionMode:170034755]: DEAD:2:116.9:Ku-37M_1
[BDArmory.BDACompetitionMode:170034755]: DEAD:0:60.0:Ku-37M_2
[BDArmory.BDACompetitionMode:170034755]: WHOSHOTWHOWITHGUNS:Ku-37M:21:ADF-91X Lycoris
[BDArmory.BDACompetitionMode:170034755]: WHOSHOTWHOWITHGUNS:Ku-37M_1:41:FH-102A Naga:46:MF-2/47 Prosecutor:5:ADF-91X Lycoris
[BDArmory.BDACompetitionMode:170034755]: WHODAMAGEDWHOWITHGUNS:Ku-37M:9080.2:ADF-91X Lycoris
[BDArmory.BDACompetitionMode:170034755]: WHODAMAGEDWHOWITHGUNS:Ku-37M_1:12549.8:FH-102A Naga:7296.4:MF-2/47 Prosecutor:945.1:ADF-91X Lycoris
[BDArmory.BDACompetitionMode:170034755]: WHOHITWHOWITHMISSILES:Ku-37M:1:ADF-91X Lycoris
[BDArmory.BDACompetitionMode:170034755]: WHOHITWHOWITHMISSILES:Ku-37M_1:1:MF-2/47 Prosecutor
[BDArmory.BDACompetitionMode:170034755]: WHOHITWHOWITHMISSILES:Ku-37M_2:1:FH-102A Naga
[BDArmory.BDACompetitionMode:170034755]: WHOPARTSHITWHOWITHMISSILES:Ku-37M:100:ADF-91X Lycoris
[BDArmory.BDACompetitionMode:170034755]: WHOPARTSHITWHOWITHMISSILES:Ku-37M_1:84:MF-2/47 Prosecutor
[BDArmory.BDACompetitionMode:170034755]: WHOPARTSHITWHOWITHMISSILES:Ku-37M_2:121:FH-102A Naga
[BDArmory.BDACompetitionMode:170034755]: WHODAMAGEDWHOWITHMISSILES:Ku-37M:69910.6:ADF-91X Lycoris
[BDArmory.BDACompetitionMode:170034755]: WHODAMAGEDWHOWITHMISSILES:Ku-37M_1:143123.6:MF-2/47 Prosecutor
[BDArmory.BDACompetitionMode:170034755]: WHODAMAGEDWHOWITHMISSILES:Ku-37M_2:53710.6:FH-102A Naga
[BDArmory.BDACompetitionMode:170034755]: WHODAMAGEDWHOWITHBATTLEDAMAGE:Ku-37M:761.2:ADF-91X Lycoris
[BDArmory.BDACompetitionMode:170034755]: WHODAMAGEDWHOWITHBATTLEDAMAGE:Ku-37M_1:1090.0:MF-2/47 Prosecutor:1828.5:FH-102A Naga:127.6:ADF-91X Lycoris
[BDArmory.BDACompetitionMode:170034755]: GMKILL:Ku-37M_1:GM
[BDArmory.BDACompetitionMode:170034755]: CLEANKILLMISSILES:Ku-37M:ADF-91X Lycoris
[BDArmory.BDACompetitionMode:170034755]: HPLEFT:MF-2/47 Prosecutor:100
[BDArmory.BDACompetitionMode:170034755]: HPLEFT:ADF-91X Lycoris:100
[BDArmory.BDACompetitionMode:170034755]: HPLEFT:FH-102A Naga:100
[BDArmory.BDACompetitionMode:170034755]: HPLEFT:Ku-37M:0
[BDArmory.BDACompetitionMode:170034755]: HPLEFT:Ku-37M_1:0
[BDArmory.BDACompetitionMode:170034755]: HPLEFT:Ku-37M_2:0
[BDArmory.BDACompetitionMode:170034755]: ACCURACY:MF-2/47 Prosecutor:46/106:0/0
[BDArmory.BDACompetitionMode:170034755]: ACCURACY:ADF-91X Lycoris:26/171:0/0
[BDArmory.BDACompetitionMode:170034755]: ACCURACY:FH-102A Naga:41/140:0/0
[BDArmory.BDACompetitionMode:170034755]: ACCURACY:Ku-37M:0/4:0/0
[BDArmory.BDACompetitionMode:170034755]: ACCURACY:Ku-37M_1:0/6:0/0
[BDArmory.BDACompetitionMode:170034755]: ACCURACY:Ku-37M_2:0/0:0/0
