[BDArmory.BDACompetitionMode:187150226]: Dumping Results after 95s (of 0s) at 2025-12-06 02:15:14 -05:00
[BDArmory.BDACompetitionMode:187150226]: RESULT:Win:{"team": "Team A", "members": ["This isn't Ground RB", "This isn't Ground RB_1", "This isn't Ground RB_2"]}
[BDArmory.BDACompetitionMode:187150226]: DEADTEAMS:[{"team": "Team B", "members": ["Geist-I/M mk.Ib", "Geist-I/M mk.Ib_1", "Geist-I/M mk.Ib_2"]}]
[BDArmory.BDACompetitionMode:187150226]: ALIVE:This isn't Ground RB
[BDArmory.BDACompetitionMode:187150226]: ALIVE:This isn't Ground RB_1
[BDArmory.BDACompetitionMode:187150226]: ALIVE:This isn't Ground RB_2
[BDArmory.BDACompetitionMode:187150226]: DEAD:0:54.0:Geist-I/M mk.Ib
[BDArmory.BDACompetitionMode:187150226]: DEAD:1:75.5:Geist-I/M mk.Ib_1
[BDArmory.BDACompetitionMode:187150226]: DEAD:2:89.0:Geist-I/M mk.Ib_2
[BDArmory.BDACompetitionMode:187150226]: WHOHITWHOWITHMISSILES:This isn't Ground RB:1:Geist-I/M mk.Ib_2
[BDArmory.BDACompetitionMode:187150226]: WHOHITWHOWITHMISSILES:Geist-I/M mk.Ib:1:This isn't Ground RB_1
[BDArmory.BDACompetitionMode:187150226]: WHOHITWHOWITHMISSILES:Geist-I/M mk.Ib_1:1:This isn't Ground RB:1:This isn't Ground RB_1
[BDArmory.BDACompetitionMode:187150226]: WHOHITWHOWITHMISSILES:Geist-I/M mk.Ib_2:1:This isn't Ground RB_1
[BDArmory.BDACompetitionMode:187150226]: WHOPARTSHITWHOWITHMISSILES:This isn't Ground RB:107:Geist-I/M mk.Ib_2
[BDArmory.BDACompetitionMode:187150226]: WHOPARTSHITWHOWITHMISSILES:Geist-I/M mk.Ib:103:This isn't Ground RB_1
[BDArmory.BDACompetitionMode:187150226]: WHOPARTSHITWHOWITHMISSILES:Geist-I/M mk.Ib_1:102:This isn't Ground RB:63:This isn't Ground RB_1
[BDArmory.BDACompetitionMode:187150226]: WHOPARTSHITWHOWITHMISSILES:Geist-I/M mk.Ib_2:100:This isn't Ground RB_1
[BDArmory.BDACompetitionMode:187150226]: WHODAMAGEDWHOWITHMISSILES:This isn't Ground RB:6887.4:Geist-I/M mk.Ib_2
[BDArmory.BDACompetitionMode:187150226]: WHODAMAGEDWHOWITHMISSILES:Geist-I/M mk.Ib:29807.8:This isn't Ground RB_1
[BDArmory.BDACompetitionMode:187150226]: WHODAMAGEDWHOWITHMISSILES:Geist-I/M mk.Ib_1:49122.1:This isn't Ground RB
[BDArmory.BDACompetitionMode:187150226]: WHODAMAGEDWHOWITHMISSILES:Geist-I/M mk.Ib_2:42179.5:This isn't Ground RB_1
[BDArmory.BDACompetitionMode:187150226]: GMKILL:Geist-I/M mk.Ib_1:GM
[BDArmory.BDACompetitionMode:187150226]: CLEANKILLMISSILES:Geist-I/M mk.Ib_2:This isn't Ground RB_1
[BDArmory.BDACompetitionMode:187150226]: HPLEFT:This isn't Ground RB:93.6416184971098
[BDArmory.BDACompetitionMode:187150226]: HPLEFT:This isn't Ground RB_1:100
[BDArmory.BDACompetitionMode:187150226]: HPLEFT:This isn't Ground RB_2:100
[BDArmory.BDACompetitionMode:187150226]: HPLEFT:Geist-I/M mk.Ib:0
[BDArmory.BDACompetitionMode:187150226]: HPLEFT:Geist-I/M mk.Ib_1:0
[BDArmory.BDACompetitionMode:187150226]: HPLEFT:Geist-I/M mk.Ib_2:0
[BDArmory.BDACompetitionMode:187150226]: ACCURACY:This isn't Ground RB:0/0:0/0
[BDArmory.BDACompetitionMode:187150226]: ACCURACY:This isn't Ground RB_1:0/6:0/0
[BDArmory.BDACompetitionMode:187150226]: ACCURACY:This isn't Ground RB_2:0/0:0/0
[BDArmory.BDACompetitionMode:187150226]: ACCURACY:Geist-I/M mk.Ib:0/0:0/0
[BDArmory.BDACompetitionMode:187150226]: ACCURACY:Geist-I/M mk.Ib_1:0/0:0/0
[BDArmory.BDACompetitionMode:187150226]: ACCURACY:Geist-I/M mk.Ib_2:0/0:0/0
