[BDArmory.BDACompetitionMode:190863130]: Dumping Results after 155s (of 0s) at 2026-01-18 01:36:21 -05:00
[BDArmory.BDACompetitionMode:190863130]: RESULT:Win:{"team": "Team B", "members": ["KMX-21A2 Kestros", "KMX-21A2 Kestros_1", "KMX-21A2 Kestros_2"]}
[BDArmory.BDACompetitionMode:190863130]: DEADTEAMS:[{"team": "Team A", "members": ["KF/IA-100 V1 \"Super Puma\" (SaberTooth)", "TPKTW XK-100 Dagger", "MRJ-Trident LN100 Seal Sobre"]}]
[BDArmory.BDACompetitionMode:190863130]: ALIVE:KMX-21A2 Kestros_1
[BDArmory.BDACompetitionMode:190863130]: ALIVE:KMX-21A2 Kestros_2
[BDArmory.BDACompetitionMode:190863130]: DEAD:1:104.7:KMX-21A2 Kestros
[BDArmory.BDACompetitionMode:190863130]: DEAD:3:149.0:KF/IA-100 V1 "Super Puma" (SaberTooth)
[BDArmory.BDACompetitionMode:190863130]: DEAD:0:96.0:TPKTW XK-100 Dagger
[BDArmory.BDACompetitionMode:190863130]: DEAD:2:121.0:MRJ-Trident LN100 Seal Sobre
[BDArmory.BDACompetitionMode:190863130]: WHOSHOTWHOWITHGUNS:KMX-21A2 Kestros:12:MRJ-Trident LN100 Seal Sobre
[BDArmory.BDACompetitionMode:190863130]: WHOSHOTWHOWITHGUNS:KF/IA-100 V1 "Super Puma" (SaberTooth):4:KMX-21A2 Kestros_2:9:KMX-21A2 Kestros_1
[BDArmory.BDACompetitionMode:190863130]: WHOSHOTWHOWITHGUNS:TPKTW XK-100 Dagger:4:KMX-21A2 Kestros_2
[BDArmory.BDACompetitionMode:190863130]: WHOSHOTWHOWITHGUNS:MRJ-Trident LN100 Seal Sobre:28:KMX-21A2 Kestros_1
[BDArmory.BDACompetitionMode:190863130]: WHODAMAGEDWHOWITHGUNS:KMX-21A2 Kestros:1696.8:MRJ-Trident LN100 Seal Sobre
[BDArmory.BDACompetitionMode:190863130]: WHODAMAGEDWHOWITHGUNS:KF/IA-100 V1 "Super Puma" (SaberTooth):604.5:KMX-21A2 Kestros_2:1937.3:KMX-21A2 Kestros_1
[BDArmory.BDACompetitionMode:190863130]: WHODAMAGEDWHOWITHGUNS:TPKTW XK-100 Dagger:698.4:KMX-21A2 Kestros_2
[BDArmory.BDACompetitionMode:190863130]: WHODAMAGEDWHOWITHGUNS:MRJ-Trident LN100 Seal Sobre:4404.5:KMX-21A2 Kestros_1
[BDArmory.BDACompetitionMode:190863130]: WHORAMMEDWHO:KMX-21A2 Kestros_1:1:KMX-21A2 Kestros_2
[BDArmory.BDACompetitionMode:190863130]: WHODAMAGEDWHOWITHBATTLEDAMAGE:KMX-21A2 Kestros:613.6:MRJ-Trident LN100 Seal Sobre:2874.1:KMX-21A2 Kestros
[BDArmory.BDACompetitionMode:190863130]: WHODAMAGEDWHOWITHBATTLEDAMAGE:KF/IA-100 V1 "Super Puma" (SaberTooth):296.4:KMX-21A2 Kestros_1:55.6:KMX-21A2 Kestros_2:21031.8:KF/IA-100 V1 "Super Puma" (SaberTooth)
[BDArmory.BDACompetitionMode:190863130]: WHODAMAGEDWHOWITHBATTLEDAMAGE:TPKTW XK-100 Dagger:3.2:KMX-21A2 Kestros_2
[BDArmory.BDACompetitionMode:190863130]: WHODAMAGEDWHOWITHBATTLEDAMAGE:MRJ-Trident LN100 Seal Sobre:817.6:KMX-21A2 Kestros_1
[BDArmory.BDACompetitionMode:190863130]: GMKILL:KMX-21A2 Kestros:GM
[BDArmory.BDACompetitionMode:190863130]: GMKILL:TPKTW XK-100 Dagger:GM
[BDArmory.BDACompetitionMode:190863130]: KILLSTEALGUNS:KF/IA-100 V1 "Super Puma" (SaberTooth):KMX-21A2 Kestros_1
[BDArmory.BDACompetitionMode:190863130]: CLEANKILLGUNS:MRJ-Trident LN100 Seal Sobre:KMX-21A2 Kestros_1
[BDArmory.BDACompetitionMode:190863130]: HPLEFT:KMX-21A2 Kestros:0
[BDArmory.BDACompetitionMode:190863130]: HPLEFT:KMX-21A2 Kestros_1:98.780487804878
[BDArmory.BDACompetitionMode:190863130]: HPLEFT:KMX-21A2 Kestros_2:100
[BDArmory.BDACompetitionMode:190863130]: HPLEFT:KF/IA-100 V1 "Super Puma" (SaberTooth):0
[BDArmory.BDACompetitionMode:190863130]: HPLEFT:TPKTW XK-100 Dagger:0
[BDArmory.BDACompetitionMode:190863130]: HPLEFT:MRJ-Trident LN100 Seal Sobre:0
[BDArmory.BDACompetitionMode:190863130]: ACCURACY:KMX-21A2 Kestros:0/0:0/0
[BDArmory.BDACompetitionMode:190863130]: ACCURACY:KMX-21A2 Kestros_1:37/122:0/0
[BDArmory.BDACompetitionMode:190863130]: ACCURACY:KMX-21A2 Kestros_2:8/36:0/0
[BDArmory.BDACompetitionMode:190863130]: ACCURACY:KF/IA-100 V1 "Super Puma" (SaberTooth):0/12:0/0
[BDArmory.BDACompetitionMode:190863130]: ACCURACY:TPKTW XK-100 Dagger:0/2:0/0
[BDArmory.BDACompetitionMode:190863130]: ACCURACY:MRJ-Trident LN100 Seal Sobre:12/41:0/0
